Component: ARM Compiler 5.05 update 1 (build 106) Tool: armlink [4d0efa]

==============================================================================

Section Cross References

    main.o(i.AutoScanSensor) refers to uart2.o(i.Usart2Init) for Usart2Init
    main.o(i.AutoScanSensor) refers to wit_c_sdk.o(i.WitReadReg) for WitReadReg
    main.o(i.AutoScanSensor) refers to delay.o(i.delay_ms) for delay_ms
    main.o(i.AutoScanSensor) refers to printfa.o(i.__0printf) for __2printf
    main.o(i.AutoScanSensor) refers to main.o(i.ShowHelp) for ShowHelp
    main.o(i.AutoScanSensor) refers to main.o(.constdata) for c_uiBaud
    main.o(i.AutoScanSensor) refers to main.o(.data) for s_cDataUpdate1
    main.o(i.CmdProcess) refers to wit_c_sdk.o(i.WitStartAccCali) for WitStartAccCali
    main.o(i.CmdProcess) refers to printfa.o(i.__0printf) for __2printf
    main.o(i.CmdProcess) refers to wit_c_sdk.o(i.WitStartMagCali) for WitStartMagCali
    main.o(i.CmdProcess) refers to wit_c_sdk.o(i.WitStopMagCali) for WitStopMagCali
    main.o(i.CmdProcess) refers to wit_c_sdk.o(i.WitSetBandwidth) for WitSetBandwidth
    main.o(i.CmdProcess) refers to wit_c_sdk.o(i.WitSetUartBaud) for WitSetUartBaud
    main.o(i.CmdProcess) refers to uart2.o(i.Usart2Init) for Usart2Init
    main.o(i.CmdProcess) refers to wit_c_sdk.o(i.WitSetOutputRate) for WitSetOutputRate
    main.o(i.CmdProcess) refers to wit_c_sdk.o(i.WitSetContent) for WitSetContent
    main.o(i.CmdProcess) refers to main.o(i.ShowHelp) for ShowHelp
    main.o(i.CmdProcess) refers to main.o(.data) for s_cCmd
    main.o(i.CmdProcess) refers to main.o(.constdata) for c_uiBaud
    main.o(i.CopeCmdData) refers to memseta.o(.text) for __aeabi_memclr
    main.o(i.CopeCmdData) refers to main.o(.data) for s_ucRxCnt
    main.o(i.CopeCmdData) refers to main.o(.bss) for s_ucData
    main.o(i.Delayms) refers to delay.o(i.delay_ms) for delay_ms
    main.o(i.SensorDataUpdata) refers to main.o(.data) for s_cDataUpdate1
    main.o(i.SensorUartSend) refers to uart2.o(i.Uart2Send) for Uart2Send
    main.o(i.ShowHelp) refers to printfa.o(i.__0printf) for __2printf
    main.o(i.ShowHelp) refers to main.o(.conststring) for .conststring
    main.o(i.main) refers to delay.o(i.SysTick_Init) for SysTick_Init
    main.o(i.main) refers to uart1.o(i.Usart1Init) for Usart1Init
    main.o(i.main) refers to uart2.o(i.Usart2Init) for Usart2Init
    main.o(i.main) refers to wit_c_sdk.o(i.WitInit) for WitInit
    main.o(i.main) refers to wit_c_sdk.o(i.WitSerialWriteRegister) for WitSerialWriteRegister
    main.o(i.main) refers to wit_c_sdk.o(i.WitRegisterCallBack) for WitRegisterCallBack
    main.o(i.main) refers to wit_c_sdk.o(i.WitDelayMsRegister) for WitDelayMsRegister
    main.o(i.main) refers to printfa.o(i.__0printf) for __2printf
    main.o(i.main) refers to main.o(i.AutoScanSensor) for AutoScanSensor
    main.o(i.main) refers to main.o(i.CmdProcess) for CmdProcess
    main.o(i.main) refers to wit_c_sdk.o(i.CopeWitData) for CopeWitData
    main.o(i.main) refers to fflti.o(.text) for __aeabi_i2f
    main.o(i.main) refers to fdiv.o(.text) for __aeabi_fdiv
    main.o(i.main) refers to fmul.o(.text) for __aeabi_fmul
    main.o(i.main) refers to f2d.o(.text) for __aeabi_f2d
    main.o(i.main) refers to main.o(i.SensorUartSend) for SensorUartSend
    main.o(i.main) refers to main.o(i.SensorDataUpdata) for SensorDataUpdata
    main.o(i.main) refers to main.o(i.Delayms) for Delayms
    main.o(i.main) refers to main.o(.conststring) for .conststring
    main.o(i.main) refers to wit_c_sdk.o(.data) for uiRegDataLen
    main.o(i.main) refers to main.o(.data) for s_cDataUpdate1
    main.o(i.main) refers to wit_c_sdk.o(.bss) for sReg
    wit_c_sdk.o(i.CopeWitData) refers to memcpya.o(.text) for __aeabi_memcpy
    wit_c_sdk.o(i.CopeWitData) refers to wit_c_sdk.o(.data) for s_uiReadRegIndex
    wit_c_sdk.o(i.CopeWitData) refers to wit_c_sdk.o(.bss) for sReg
    wit_c_sdk.o(i.WitCanDataIn) refers to wit_c_sdk.o(i.CopeWitData) for CopeWitData
    wit_c_sdk.o(i.WitCanDataIn) refers to wit_c_sdk.o(.data) for p_WitRegUpdateCbFunc
    wit_c_sdk.o(i.WitCanWriteRegister) refers to wit_c_sdk.o(.data) for p_WitCanWriteFunc
    wit_c_sdk.o(i.WitDeInit) refers to wit_c_sdk.o(.data) for p_WitSerialWriteFunc
    wit_c_sdk.o(i.WitDelayMsRegister) refers to wit_c_sdk.o(.data) for p_WitDelaymsFunc
    wit_c_sdk.o(i.WitI2cFuncRegister) refers to wit_c_sdk.o(.data) for p_WitI2cWriteFunc
    wit_c_sdk.o(i.WitInit) refers to wit_c_sdk.o(.data) for s_uiProtoclo
    wit_c_sdk.o(i.WitReadReg) refers to wit_c_sdk.o(i.__CRC16) for __CRC16
    wit_c_sdk.o(i.WitReadReg) refers to wit_c_sdk.o(.data) for s_uiProtoclo
    wit_c_sdk.o(i.WitReadReg) refers to wit_c_sdk.o(.bss) for s_ucWitDataBuff
    wit_c_sdk.o(i.WitRegisterCallBack) refers to wit_c_sdk.o(.data) for p_WitRegUpdateCbFunc
    wit_c_sdk.o(i.WitSerialDataIn) refers to memcpya.o(.text) for __aeabi_memcpy
    wit_c_sdk.o(i.WitSerialDataIn) refers to wit_c_sdk.o(i.__CaliSum) for __CaliSum
[...]
    delay.o(i.SysTick_Init) refers to misc.o(i.SysTick_CLKSourceConfig) for SysTick_CLKSourceConfig
    delay.o(i.SysTick_Init) refers to system_stm32f10x.o(.data) for SystemCoreClock
    delay.o(i.SysTick_Init) refers to delay.o(.data) for fac_us
    delay.o(i.delay_ms) refers to delay.o(.data) for fac_ms
    system_stm32f10x.o(i.SetSysClock) refers to system_stm32f10x.o(i.SetSysClockTo72) for SetSysClockTo72
    system_stm32f10x.o(i.SystemCoreClockUpdate) refers to system_stm32f10x.o(.data) for SystemCoreClock
    system_stm32f10x.o(i.SystemInit) refers to system_stm32f10x.o(i.SetSysClock) for SetSysClock
    stm32f10x_gpio.o(i.GPIO_AFIODeInit) refers to stm32f10x_rcc.o(i.RCC_APB2PeriphResetCmd) for RCC_APB2PeriphResetCmd
    stm32f10x_gpio.o(i.GPIO_DeInit) refers to stm32f10x_rcc.o(i.RCC_APB2PeriphResetCmd) for RCC_APB2PeriphResetCmd
    stm32f10x_rcc.o(i.RCC_GetClocksFreq) refers to stm32f10x_rcc.o(.data) for APBAHBPrescTable
    stm32f10x_rcc.o(i.RCC_WaitForHSEStartUp) refers to stm32f10x_rcc.o(i.RCC_GetFlagStatus) for RCC_GetFlagStatus
    stm32f10x_usart.o(i.USART_DeInit) refers to stm32f10x_rcc.o(i.RCC_APB2PeriphResetCmd) for RCC_APB2PeriphResetCmd
    stm32f10x_usart.o(i.USART_DeInit) refers to stm32f10x_rcc.o(i.RCC_APB1PeriphResetCmd) for RCC_APB1PeriphResetCmd
    stm32f10x_usart.o(i.USART_Init) refers to stm32f10x_rcc.o(i.RCC_GetClocksFreq) for RCC_GetClocksFreq
    startup_stm32f10x_hd.o(RESET) refers to startup_stm32f10x_hd.o(STACK) for __initial_sp
    startup_stm32f10x_hd.o(RESET) refers to startup_stm32f10x_hd.o(.text) for Reset_Handler
    startup_stm32f10x_hd.o(RESET) refers to stm32f10x_it.o(i.NMI_Handler) for NMI_Handler
    startup_stm32f10x_hd.o(RESET) refers to stm32f10x_it.o(i.HardFault_Handler) for HardFault_Handler
    startup_stm32f10x_hd.o(RESET) refers to stm32f10x_it.o(i.MemManage_Handler) for MemManage_Handler
    startup_stm32f10x_hd.o(RESET) refers to stm32f10x_it.o(i.BusFault_Handler) for BusFault_Handler
    startup_stm32f10x_hd.o(RESET) refers to stm32f10x_it.o(i.UsageFault_Handler) for UsageFault_Handler
    startup_stm32f10x_hd.o(RESET) refers to stm32f10x_it.o(i.SVC_Handler) for SVC_Handler
    startup_stm32f10x_hd.o(RESET) refers to stm32f10x_it.o(i.DebugMon_Handler) for DebugMon_Handler
    startup_stm32f10x_hd.o(RESET) refers to stm32f10x_it.o(i.PendSV_Handler) for PendSV_Handler
    startup_stm32f10x_hd.o(RESET) refers to uart1.o(i.USART1_IRQHandler) for USART1_IRQHandler
    startup_stm32f10x_hd.o(RESET) refers to uart2.o(i.USART2_IRQHandler) for USART2_IRQHandler
    startup_stm32f10x_hd.o(.text) refers to system_stm32f10x.o(i.SystemInit) for SystemInit
    startup_stm32f10x_hd.o(.text) refers to entry.o(.ARM.Collect$$$$00000000) for __main
    stm32f10x_pwr.o(i.PWR_DeInit) refers to stm32f10x_rcc.o(i.RCC_APB1PeriphResetCmd) for RCC_APB1PeriphResetCmd
    entry.o(.ARM.Collect$$$$00000000) refers (Special) to entry10a.o(.ARM.Collect$$$$0000000D) for __rt_final_cpp
    entry.o(.ARM.Collect$$$$00000000) refers (Special) to entry11a.o(.ARM.Collect$$$$0000000F) for __rt_final_exit
    entry.o(.ARM.Collect$$$$00000000) refers (Special) to entry7b.o(.ARM.Collect$$$$00000008) for _main_clock
    entry.o(.ARM.Collect$$$$00000000) refers (Special) to entry8b.o(.ARM.Collect$$$$0000000A) for _main_cpp_init
    entry.o(.ARM.Collect$$$$00000000) refers (Special) to entry9a.o(.ARM.Collect$$$$0000000B) for _main_init
    entry.o(.ARM.Collect$$$$00000000) refers (Special) to entry5.o(.ARM.Collect$$$$00000004) for _main_scatterload
    entry.o(.ARM.Collect$$$$00000000) refers (Special) to entry2.o(.ARM.Collect$$$$00000001) for _main_stk
    printfb.o(i.__0fprintf$bare) refers to printfb.o(i._printf_core) for _printf_core
    printfb.o(i.__0fprintf$bare) refers to uart1.o(i.fputc) for fputc
    printfb.o(i.__0printf$bare) refers to printfb.o(i._printf_core) for _printf_core
    printfb.o(i.__0printf$bare) refers to uart1.o(i.fputc) for fputc
    printfb.o(i.__0printf$bare) refers to stdout.o(.data) for __stdout
    printfb.o(i.__0snprintf$bare) refers to printfb.o(i._printf_core) for _printf_core
    printfb.o(i.__0snprintf$bare) refers to printfb.o(i._snputc) for _snputc
    printfb.o(i.__0sprintf$bare) refers to printfb.o(i._printf_core) for _printf_core
    printfb.o(i.__0sprintf$bare) refers to printfb.o(i._sputc) for _sputc
    printfb.o(i.__0vfprintf$bare) refers to printfb.o(i._printf_core) for _printf_core
    printfb.o(i.__0vfprintf$bare) refers to uart1.o(i.fputc) for fputc
    printfb.o(i.__0vprintf$bare) refers to printfb.o(i._printf_core) for _printf_core
    printfb.o(i.__0vprintf$bare) refers to uart1.o(i.fputc) for fputc
    printfb.o(i.__0vprintf$bare) refers to stdout.o(.data) for __stdout
    printfb.o(i.__0vsnprintf$bare) refers to printfb.o(i._printf_core) for _printf_core
    printfb.o(i.__0vsnprintf$bare) refers to printfb.o(i._snputc) for _snputc
    printfb.o(i.__0vsprintf$bare) refers to printfb.o(i._printf_core) for _printf_core
    printfb.o(i.__0vsprintf$bare) refers to printfb.o(i._sputc) for _sputc
    printf0.o(i.__0fprintf$0) refers to printf0.o(i._printf_core) for _printf_core
    printf0.o(i.__0fprintf$0) refers to uart1.o(i.fputc) for fputc
    printf0.o(i.__0printf$0) refers to printf0.o(i._printf_core) for _printf_core
    printf0.o(i.__0printf$0) refers to uart1.o(i.fputc) for fputc
    printf0.o(i.__0printf$0) refers to stdout.o(.data) for __stdout
    printf0.o(i.__0snprintf$0) refers to printf0.o(i._printf_core) for _printf_core
    printf0.o(i.__0snprintf$0) refers to printf0.o(i._snputc) for _snputc
    printf0.o(i.__0sprintf$0) refers to printf0.o(i._printf_core) for _printf_core
    printf0.o(i.__0sprintf$0) refers to printf0.o(i._sputc) for _sputc
    printf0.o(i.__0vfprintf$0) refers to printf0.o(i._printf_core) for _printf_core
    printf0.o(i.__0vfprintf$0) refers to uart1.o(i.fputc) for fputc
    printf0.o(i.__0vprintf$0) refers to printf0.o(i._printf_core) for _printf_core
    printf0.o(i.__0vprintf$0) refers to uart1.o(i.fputc) for fputc
    printf0.o(i.__0vprintf$0) refers to stdout.o(.data) for __stdout
    printf0.o(i.__0vsnprintf$0) refers to printf0.o(i._printf_core) for _printf_core
    printf0.o(i.__0vsnprintf$0) refers to printf0.o(i._snputc) for _snputc
    printf0.o(i.__0vsprintf$0) refers to printf0.o(i._printf_core) for _printf_core
    printf0.o(i.__0vsprintf$0) refers to printf0.o(i._sputc) for _sputc
    printf1.o(i.__0fprintf$1) refers to printf1.o(i._printf_core) for _printf_core
    printf1.o(i.__0fprintf$1) refers to uart1.o(i.fputc) for fputc
    printf1.o(i.__0printf$1) refers to printf1.o(i._printf_core) for _printf_core
    printf1.o(i.__0printf$1) refers to uart1.o(i.fputc) for fputc
    printf1.o(i.__0printf$1) refers to stdout.o(.data) for __stdout
    printf1.o(i.__0snprintf$1) refers to printf1.o(i._printf_core) for _printf_core
    printf1.o(i.__0snprintf$1) refers to printf1.o(i._snputc) for _snputc
    printf1.o(i.__0sprintf$1) refers to printf1.o(i._printf_core) for _printf_core
    printf1.o(i.__0sprintf$1) refers to printf1.o(i._sputc) for _sputc
    printf1.o(i.__0vfprintf$1) refers to printf1.o(i._printf_core) for _printf_core
    printf1.o(i.__0vfprintf$1) refers to uart1.o(i.fputc) for fputc
    printf1.o(i.__0vprintf$1) refers to printf1.o(i._printf_core) for _printf_core
    printf1.o(i.__0vprintf$1) refers to uart1.o(i.fputc) for fputc
    printf1.o(i.__0vprintf$1) refers to stdout.o(.data) for __stdout
    printf1.o(i.__0vsnprintf$1) refers to printf1.o(i._printf_core) for _printf_core
    printf1.o(i.__0vsnprintf$1) refers to printf1.o(i._snputc) for _snputc
    printf1.o(i.__0vsprintf$1) refers to printf1.o(i._printf_core) for _printf_core
    printf1.o(i.__0vsprintf$1) refers to printf1.o(i._sputc) for _sputc
    printf1.o(i._printf_core) refers to uidiv.o(.text) for __aeabi_uidivmod
    printf2.o(i.__0fprintf$2) refers to printf2.o(i._printf_core) for _printf_core
    printf2.o(i.__0fprintf$2) refers to uart1.o(i.fputc) for fputc
    printf2.o(i.__0printf$2) refers to printf2.o(i._printf_core) for _printf_core
    printf2.o(i.__0printf$2) refers to uart1.o(i.fputc) for fputc
    printf2.o(i.__0printf$2) refers to stdout.o(.data) for __stdout
    printf2.o(i.__0snprintf$2) refers to printf2.o(i._printf_core) for _printf_core
    printf2.o(i.__0snprintf$2) refers to printf2.o(i._snputc) for _snputc
    printf2.o(i.__0sprintf$2) refers to printf2.o(i._printf_core) for _printf_core
    printf2.o(i.__0sprintf$2) refers to printf2.o(i._sputc) for _sputc
    printf2.o(i.__0vfprintf$2) refers to printf2.o(i._printf_core) for _printf_core
    printf2.o(i.__0vfprintf$2) refers to uart1.o(i.fputc) for fputc
    printf2.o(i.__0vprintf$2) refers to printf2.o(i._printf_core) for _printf_core
    printf2.o(i.__0vprintf$2) refers to uart1.o(i.fputc) for fputc
    printf2.o(i.__0vprintf$2) refers to stdout.o(.data) for __stdout
    printf2.o(i.__0vsnprintf$2) refers to printf2.o(i._printf_core) for _printf_core
    printf2.o(i.__0vsnprintf$2) refers to printf2.o(i._snputc) for _snputc
    printf2.o(i.__0vsprintf$2) refers to printf2.o(i._printf_core) for _printf_core
    printf2.o(i.__0vsprintf$2) refers to printf2.o(i._sputc) for _sputc
    printf3.o(i.__0fprintf$3) refers to printf3.o(i._printf_core) for _printf_core
    printf3.o(i.__0fprintf$3) refers to uart1.o(i.fputc) for fputc
    printf3.o(i.__0printf$3) refers to printf3.o(i._printf_core) for _printf_core
    printf3.o(i.__0printf$3) refers to uart1.o(i.fputc) for fputc
    printf3.o(i.__0printf$3) refers to stdout.o(.data) for __stdout
    printf3.o(i.__0snprintf$3) refers to printf3.o(i._printf_core) for _printf_core
    printf3.o(i.__0snprintf$3) refers to printf3.o(i._snputc) for _snputc
    printf3.o(i.__0sprintf$3) refers to printf3.o(i._printf_core) for _printf_core
    printf3.o(i.__0sprintf$3) refers to printf3.o(i._sputc) for _sputc
    printf3.o(i.__0vfprintf$3) refers to printf3.o(i._printf_core) for _printf_core
    printf3.o(i.__0vfprintf$3) refers to uart1.o(i.fputc) for fputc
    printf3.o(i.__0vprintf$3) refers to printf3.o(i._printf_core) for _printf_core
    printf3.o(i.__0vprintf$3) refers to uart1.o(i.fputc) for fputc
    printf3.o(i.__0vprintf$3) refers to stdout.o(.data) for __stdout
    printf3.o(i.__0vsnprintf$3) refers to printf3.o(i._printf_core) for _printf_core
    printf3.o(i.__0vsnprintf$3) refers to printf3.o(i._snputc) for _snputc
    printf3.o(i.__0vsprintf$3) refers to printf3.o(i._printf_core) for _printf_core
    printf3.o(i.__0vsprintf$3) refers to printf3.o(i._sputc) for _sputc
    printf3.o(i._printf_core) refers to uidiv.o(.text) for __aeabi_uidivmod
    printf4.o(i.__0fprintf$4) refers to printf4.o(i._printf_core) for _printf_core
    printf4.o(i.__0fprintf$4) refers to uart1.o(i.fputc) for fputc
    printf4.o(i.__0printf$4) refers to printf4.o(i._printf_core) for _printf_core
    printf4.o(i.__0printf$4) refers to uart1.o(i.fputc) for fputc
    printf4.o(i.__0printf$4) refers to stdout.o(.data) for __stdout
    printf4.o(i.__0snprintf$4) refers to printf4.o(i._printf_core) for _printf_core
    printf4.o(i.__0snprintf$4) refers to printf4.o(i._snputc) for _snputc
    printf4.o(i.__0sprintf$4) refers to printf4.o(i._printf_core) for _printf_core
    printf4.o(i.__0sprintf$4) refers to printf4.o(i._sputc) for _sputc
    printf4.o(i.__0vfprintf$4) refers to printf4.o(i._printf_core) for _printf_core
    printf4.o(i.__0vfprintf$4) refers to uart1.o(i.fputc) for fputc
    printf4.o(i.__0vprintf$4) refers to printf4.o(i._printf_core) for _printf_core
    printf4.o(i.__0vprintf$4) refers to uart1.o(i.fputc) for fputc
    printf4.o(i.__0vprintf$4) refers to stdout.o(.data) for __stdout
    printf4.o(i.__0vsnprintf$4) refers to printf4.o(i._printf_core) for _printf_core
    printf4.o(i.__0vsnprintf$4) refers to printf4.o(i._snputc) for _snputc
    printf4.o(i.__0vsprintf$4) refers to printf4.o(i._printf_core) for _printf_core
    printf4.o(i.__0vsprintf$4) refers to printf4.o(i._sputc) for _sputc
    printf4.o(i._printf_core) refers to uldiv.o(.text) for __aeabi_uldivmod
    printf5.o(i.__0fprintf$5) refers to printf5.o(i._printf_core) for _printf_core
    printf5.o(i.__0fprintf$5) refers to uart1.o(i.fputc) for fputc
    printf5.o(i.__0printf$5) refers to printf5.o(i._printf_core) for _printf_core
    printf5.o(i.__0printf$5) refers to uart1.o(i.fputc) for fputc
    printf5.o(i.__0printf$5) refers to stdout.o(.data) for __stdout
    printf5.o(i.__0snprintf$5) refers to printf5.o(i._printf_core) for _printf_core
    printf5.o(i.__0snprintf$5) refers to printf5.o(i._snputc) for _snputc
    printf5.o(i.__0sprintf$5) refers to printf5.o(i._printf_core) for _printf_core
    printf5.o(i.__0sprintf$5) refers to printf5.o(i._sputc) for _sputc
    printf5.o(i.__0vfprintf$5) refers to printf5.o(i._printf_core) for _printf_core
    printf5.o(i.__0vfprintf$5) refers to uart1.o(i.fputc) for fputc
    printf5.o(i.__0vprintf$5) refers to printf5.o(i._printf_core) for _printf_core
    printf5.o(i.__0vprintf$5) refers to uart1.o(i.fputc) for fputc
    printf5.o(i.__0vprintf$5) refers to stdout.o(.data) for __stdout
    printf5.o(i.__0vsnprintf$5) refers to printf5.o(i._printf_core) for _printf_core
    printf5.o(i.__0vsnprintf$5) refers to printf5.o(i._snputc) for _snputc
    printf5.o(i.__0vsprintf$5) refers to printf5.o(i._printf_core) for _printf_core
    printf5.o(i.__0vsprintf$5) refers to printf5.o(i._sputc) for _sputc
    printf5.o(i._printf_core) refers to uldiv.o(.text) for __aeabi_uldivmod
    printf6.o(i.__0fprintf$6) refers to printf6.o(i._printf_core) for _printf_core
    printf6.o(i.__0fprintf$6) refers to uart1.o(i.fputc) for fputc
    printf6.o(i.__0printf$6) refers to printf6.o(i._printf_core) for _printf_core
    printf6.o(i.__0printf$6) refers to uart1.o(i.fputc) for fputc
    printf6.o(i.__0printf$6) refers to stdout.o(.data) for __stdout
    printf6.o(i.__0snprintf$6) refers to printf6.o(i._printf_core) for _printf_core
    printf6.o(i.__0snprintf$6) refers to printf6.o(i._snputc) for _snputc
    printf6.o(i.__0sprintf$6) refers to printf6.o(i._printf_core) for _printf_core
    printf6.o(i.__0sprintf$6) refers to printf6.o(i._sputc) for _sputc
    printf6.o(i.__0vfprintf$6) refers to printf6.o(i._printf_core) for _printf_core
    printf6.o(i.__0vfprintf$6) refers to uart1.o(i.fputc) for fputc
    printf6.o(i.__0vprintf$6) refers to printf6.o(i._printf_core) for _printf_core
    printf6.o(i.__0vprintf$6) refers to uart1.o(i.fputc) for fputc
    printf6.o(i.__0vprintf$6) refers to stdout.o(.data) for __stdout
    printf6.o(i.__0vsnprintf$6) refers to printf6.o(i._printf_core) for _printf_core
    printf6.o(i.__0vsnprintf$6) refers to printf6.o(i._snputc) for _snputc
    printf6.o(i.__0vsprintf$6) refers to printf6.o(i._printf_core) for _printf_core
    printf6.o(i.__0vsprintf$6) refers to printf6.o(i._sputc) for _sputc
    printf6.o(i._printf_core) refers to printf6.o(i._printf_pre_padding) for _printf_pre_padding
    printf6.o(i._printf_core) refers to uidiv.o(.text) for __aeabi_uidivmod
    printf6.o(i._printf_core) refers to printf6.o(i._printf_post_padding) for _printf_post_padding
    printf7.o(i.__0fprintf$7) refers to printf7.o(i._printf_core) for _printf_core
    printf7.o(i.__0fprintf$7) refers to uart1.o(i.fputc) for fputc
    printf7.o(i.__0printf$7) refers to printf7.o(i._printf_core) for _printf_core
    printf7.o(i.__0printf$7) refers to uart1.o(i.fputc) for fputc
    printf7.o(i.__0printf$7) refers to stdout.o(.data) for __stdout
    printf7.o(i.__0snprintf$7) refers to printf7.o(i._printf_core) for _printf_core
    printf7.o(i.__0snprintf$7) refers to printf7.o(i._snputc) for _snputc
    printf7.o(i.__0sprintf$7) refers to printf7.o(i._printf_core) for _printf_core
    printf7.o(i.__0sprintf$7) refers to printf7.o(i._sputc) for _sputc
    printf7.o(i.__0vfprintf$7) refers to printf7.o(i._printf_core) for _printf_core
    printf7.o(i.__0vfprintf$7) refers to uart1.o(i.fputc) for fputc
    printf7.o(i.__0vprintf$7) refers to printf7.o(i._printf_core) for _printf_core
    printf7.o(i.__0vprintf$7) refers to uart1.o(i.fputc) for fputc
    printf7.o(i.__0vprintf$7) refers to stdout.o(.data) for __stdout
    printf7.o(i.__0vsnprintf$7) refers to printf7.o(i._printf_core) for _printf_core
    printf7.o(i.__0vsnprintf$7) refers to printf7.o(i._snputc) for _snputc
    printf7.o(i.__0vsprintf$7) refers to printf7.o(i._printf_core) for _printf_core
    printf7.o(i.__0vsprintf$7) refers to printf7.o(i._sputc) for _sputc
    printf7.o(i._printf_core) refers to printf7.o(i._printf_pre_padding) for _printf_pre_padding
    printf7.o(i._printf_core) refers to uldiv.o(.text) for __aeabi_uldivmod
    printf7.o(i._printf_core) refers to printf7.o(i._printf_post_padding) for _printf_post_padding
    printf8.o(i.__0fprintf$8) refers to printf8.o(i._printf_core) for _printf_core
    printf8.o(i.__0fprintf$8) refers to uart1.o(i.fputc) for fputc
    printf8.o(i.__0printf$8) refers to printf8.o(i._printf_core) for _printf_core
    printf8.o(i.__0printf$8) refers to uart1.o(i.fputc) for fputc
    printf8.o(i.__0printf$8) refers to stdout.o(.data) for __stdout
    printf8.o(i.__0snprintf$8) refers to printf8.o(i._printf_core) for _printf_core
    printf8.o(i.__0snprintf$8) refers to printf8.o(i._snputc) for _snputc
    printf8.o(i.__0sprintf$8) refers to printf8.o(i._printf_core) for _printf_core
    printf8.o(i.__0sprintf$8) refers to printf8.o(i._sputc) for _sputc
    printf8.o(i.__0vfprintf$8) refers to printf8.o(i._printf_core) for _printf_core
    printf8.o(i.__0vfprintf$8) refers to uart1.o(i.fputc) for fputc
    printf8.o(i.__0vprintf$8) refers to printf8.o(i._printf_core) for _printf_core
    printf8.o(i.__0vprintf$8) refers to uart1.o(i.fputc) for fputc
    printf8.o(i.__0vprintf$8) refers to stdout.o(.data) for __stdout
    printf8.o(i.__0vsnprintf$8) refers to printf8.o(i._printf_core) for _printf_core
    printf8.o(i.__0vsnprintf$8) refers to printf8.o(i._snputc) for _snputc
    printf8.o(i.__0vsprintf$8) refers to printf8.o(i._printf_core) for _printf_core
    printf8.o(i.__0vsprintf$8) refers to printf8.o(i._sputc) for _sputc
    printf8.o(i._printf_core) refers to printf8.o(i._printf_pre_padding) for _printf_pre_padding
    printf8.o(i._printf_core) refers to uldiv.o(.text) for __aeabi_uldivmod
    printf8.o(i._printf_core) refers to printf8.o(i._printf_post_padding) for _printf_post_padding
    printfa.o(i.__0fprintf) refers (Special) to iusefp.o(.text) for __I$use$fp
    printfa.o(i.__0fprintf) refers to printfa.o(i._printf_core) for _printf_core
    printfa.o(i.__0fprintf) refers to uart1.o(i.fputc) for fputc
    printfa.o(i.__0printf) refers (Special) to iusefp.o(.text) for __I$use$fp
    printfa.o(i.__0printf) refers to printfa.o(i._printf_core) for _printf_core
    printfa.o(i.__0printf) refers to uart1.o(i.fputc) for fputc
    printfa.o(i.__0printf) refers to stdout.o(.data) for __stdout
    printfa.o(i.__0snprintf) refers (Special) to iusefp.o(.text) for __I$use$fp
    printfa.o(i.__0snprintf) refers to printfa.o(i._printf_core) for _printf_core
    printfa.o(i.__0snprintf) refers to printfa.o(i._snputc) for _snputc
    printfa.o(i.__0sprintf) refers (Special) to iusefp.o(.text) for __I$use$fp
    printfa.o(i.__0sprintf) refers to printfa.o(i._printf_core) for _printf_core
    printfa.o(i.__0sprintf) refers to printfa.o(i._sputc) for _sputc
    printfa.o(i.__0vfprintf) refers (Special) to iusefp.o(.text) for __I$use$fp
    printfa.o(i.__0vfprintf) refers to printfa.o(i._printf_core) for _printf_core
    printfa.o(i.__0vfprintf) refers to uart1.o(i.fputc) for fputc
    printfa.o(i.__0vprintf) refers (Special) to iusefp.o(.text) for __I$use$fp
    printfa.o(i.__0vprintf) refers to printfa.o(i._printf_core) for _printf_core
    printfa.o(i.__0vprintf) refers to uart1.o(i.fputc) for fputc
    printfa.o(i.__0vprintf) refers to stdout.o(.data) for __stdout
    printfa.o(i.__0vsnprintf) refers (Special) to iusefp.o(.text) for __I$use$fp
    printfa.o(i.__0vsnprintf) refers to printfa.o(i._printf_core) for _printf_core
    printfa.o(i.__0vsnprintf) refers to printfa.o(i._snputc) for _snputc
    printfa.o(i.__0vsprintf) refers (Special) to iusefp.o(.text) for __I$use$fp
    printfa.o(i.__0vsprintf) refers to printfa.o(i._printf_core) for _printf_core
    printfa.o(i.__0vsprintf) refers to printfa.o(i._sputc) for _sputc
    printfa.o(i._fp_digits) refers (Special) to iusefp.o(.text) for __I$use$fp
    printfa.o(i._fp_digits) refers to dmul.o(.text) for __aeabi_dmul
    printfa.o(i._fp_digits) refers to ddiv.o(.text) for __aeabi_ddiv
    printfa.o(i._fp_digits) refers to cdrcmple.o(.text) for __aeabi_cdrcmple
    printfa.o(i._fp_digits) refers to dadd.o(.text) for __aeabi_dadd
    printfa.o(i._fp_digits) refers to dfixul.o(.text) for __aeabi_d2ulz
    printfa.o(i._fp_digits) refers to uldiv.o(.text) for __aeabi_uldivmod
    printfa.o(i._printf_core) refers (Special) to iusefp.o(.text) for __I$use$fp
    printfa.o(i._printf_core) refers to printfa.o(i._printf_pre_padding) for _printf_pre_padding
    printfa.o(i._printf_core) refers to uldiv.o(.text) for __aeabi_uldivmod
    printfa.o(i._printf_core) refers to printfa.o(i._printf_post_padding) for _printf_post_padding
    printfa.o(i._printf_core) refers to printfa.o(i._fp_digits) for _fp_digits
    printfa.o(i._printf_core) refers to uidiv.o(.text) for __aeabi_uidivmod
    printfa.o(i._printf_post_padding) refers (Special) to iusefp.o(.text) for __I$use$fp
    printfa.o(i._printf_pre_padding) refers (Special) to iusefp.o(.text) for __I$use$fp
    printfa.o(i._snputc) refers (Special) to iusefp.o(.text) for __I$use$fp
    printfa.o(i._sputc) refers (Special) to iusefp.o(.text) for __I$use$fp
    fmul.o(.text) refers (Special) to iusefp.o(.text) for __I$use$fp
    fdiv.o(.text) refers (Special) to iusefp.o(.text) for __I$use$fp
    fdiv.o(.text) refers to fepilogue.o(.text) for _float_round
    fflti.o(.text) refers (Special) to iusefp.o(.text) for __I$use$fp
    fflti.o(.text) refers to fepilogue.o(.text) for _float_epilogue
    f2d.o(.text) refers (Special) to iusefp.o(.text) for __I$use$fp
    entry2.o(.ARM.Collect$$$$00000001) refers to entry2.o(.ARM.Collect$$$$00002712) for __lit__00000000
    entry2.o(.ARM.Collect$$$$00002712) refers to startup_stm32f10x_hd.o(STACK) for __initial_sp
    entry2.o(__vectab_stack_and_reset_area) refers to startup_stm32f10x_hd.o(STACK) for __initial_sp
    entry2.o(__vectab_stack_and_reset_area) refers to entry.o(.ARM.Collect$$$$00000000) for __main
    entry5.o(.ARM.Collect$$$$00000004) refers to init.o(.text) for __scatterload
    entry9a.o(.ARM.Collect$$$$0000000B) refers to main.o(i.main) for main
    entry9b.o(.ARM.Collect$$$$0000000C) refers to main.o(i.main) for main
    uldiv.o(.text) refers to llushr.o(.text) for __aeabi_llsr
    uldiv.o(.text) refers to llshl.o(.text) for __aeabi_llsl
    dadd.o(.text) refers to llshl.o(.text) for __aeabi_llsl
    dadd.o(.text) refers to llsshr.o(.text) for __aeabi_lasr
    dadd.o(.text) refers to depilogue.o(.text) for _double_epilogue
    dmul.o(.text) refers to depilogue.o(.text) for _double_epilogue
    ddiv.o(.text) refers to depilogue.o(.text) for _double_round
    dfixul.o(.text) refers to llushr.o(.text) for __aeabi_llsr
    dfixul.o(.text) refers to llshl.o(.text) for __aeabi_llsl
    init.o(.text) refers to entry5.o(.ARM.Collect$$$$00000004) for __main_after_scatterload
    depilogue.o(.text) refers to llshl.o(.text) for __aeabi_llsl
    depilogue.o(.text) refers to llushr.o(.text) for __aeabi_llsr


==============================================================================

Removing Unused input sections from the image.

    Removing main.o(.rev16_text), (4 bytes).
    Removing main.o(.revsh_text), (4 bytes).
    Removing main.o(.rrx_text), (6 bytes).
    Removing wit_c_sdk.o(i.WitCanDataIn), (116 bytes).
    Removing wit_c_sdk.o(i.WitCanWriteRegister), (24 bytes).
    Removing wit_c_sdk.o(i.WitDeInit), (72 bytes).
    Removing wit_c_sdk.o(i.WitI2cFuncRegister), (40 bytes).
    Removing wit_c_sdk.o(i.WitSetCanBaud), (100 bytes).
    Removing wit_c_sdk.o(i.WitStopAccCali), (80 bytes).
    Removing uart2.o(.rev16_text), (4 bytes).
    Removing uart2.o(.revsh_text), (4 bytes).
    Removing uart2.o(.rrx_text), (6 bytes).
    Removing uart1.o(.rev16_text), (4 bytes).
    Removing uart1.o(.revsh_text), (4 bytes).
    Removing uart1.o(.rrx_text), (6 bytes).
    Removing delay.o(.rev16_text), (4 bytes).
    Removing delay.o(.revsh_text), (4 bytes).
    Removing delay.o(.rrx_text), (6 bytes).
    Removing system_stm32f10x.o(.rev16_text), (4 bytes).
    Removing system_stm32f10x.o(.revsh_text), (4 bytes).
    Removing system_stm32f10x.o(.rrx_text), (6 bytes).
    Removing system_stm32f10x.o(i.SystemCoreClockUpdate), (164 bytes).
    Removing misc.o(.rev16_text), (4 bytes).
    Removing misc.o(.revsh_text), (4 bytes).
    Removing misc.o(.rrx_text), (6 bytes).
    Removing misc.o(i.NVIC_PriorityGroupConfig), (20 bytes).
    Removing misc.o(i.NVIC_SetVectorTable), (20 bytes).
    Removing misc.o(i.NVIC_SystemLPConfig), (32 bytes).
    Removing stm32f10x_gpio.o(.rev16_text), (4 bytes).
    Removing stm32f10x_gpio.o(.revsh_text), (4 bytes).
    Removing stm32f10x_gpio.o(.rrx_text), (6 bytes).
    Removing stm32f10x_gpio.o(i.GPIO_AFIODeInit), (20 bytes).
    Removing stm32f10x_gpio.o(i.GPIO_DeInit), (200 bytes).
    Removing stm32f10x_gpio.o(i.GPIO_ETH_MediaInterfaceConfig), (12 bytes).
    Removing stm32f10x_gpio.o(i.GPIO_EXTILineConfig), (64 bytes).
    Removing stm32f10x_gpio.o(i.GPIO_EventOutputCmd), (12 bytes).
    Removing stm32f10x_gpio.o(i.GPIO_EventOutputConfig), (32 bytes).
    Removing stm32f10x_gpio.o(i.GPIO_PinLockConfig), (18 bytes).
    Removing stm32f10x_gpio.o(i.GPIO_PinRemapConfig), (144 bytes).
    Removing stm32f10x_gpio.o(i.GPIO_ReadInputData), (8 bytes).
    Removing stm32f10x_gpio.o(i.GPIO_ReadInputDataBit), (18 bytes).
    Removing stm32f10x_gpio.o(i.GPIO_ReadOutputData), (8 bytes).
    Removing stm32f10x_gpio.o(i.GPIO_ReadOutputDataBit), (18 bytes).
    Removing stm32f10x_gpio.o(i.GPIO_ResetBits), (4 bytes).
    Removing stm32f10x_gpio.o(i.GPIO_StructInit), (16 bytes).
    Removing stm32f10x_gpio.o(i.GPIO_Write), (4 bytes).
    Removing stm32f10x_gpio.o(i.GPIO_WriteBit), (10 bytes).
    Removing stm32f10x_rcc.o(.rev16_text), (4 bytes).
    Removing stm32f10x_rcc.o(.revsh_text), (4 bytes).
    Removing stm32f10x_rcc.o(.rrx_text), (6 bytes).
    Removing stm32f10x_rcc.o(i.RCC_ADCCLKConfig), (24 bytes).
    Removing stm32f10x_rcc.o(i.RCC_AHBPeriphClockCmd), (32 bytes).
    Removing stm32f10x_rcc.o(i.RCC_APB1PeriphResetCmd), (32 bytes).
    Removing stm32f10x_rcc.o(i.RCC_APB2PeriphResetCmd), (32 bytes).
    Removing stm32f10x_rcc.o(i.RCC_AdjustHSICalibrationValue), (24 bytes).
    Removing stm32f10x_rcc.o(i.RCC_BackupResetCmd), (12 bytes).
    Removing stm32f10x_rcc.o(i.RCC_ClearFlag), (20 bytes).
    Removing stm32f10x_rcc.o(i.RCC_ClearITPendingBit), (12 bytes).
    Removing stm32f10x_rcc.o(i.RCC_ClockSecuritySystemCmd), (12 bytes).
    Removing stm32f10x_rcc.o(i.RCC_DeInit), (76 bytes).
    Removing stm32f10x_rcc.o(i.RCC_GetFlagStatus), (60 bytes).
    Removing stm32f10x_rcc.o(i.RCC_GetITStatus), (24 bytes).
    Removing stm32f10x_rcc.o(i.RCC_GetSYSCLKSource), (16 bytes).
    Removing stm32f10x_rcc.o(i.RCC_HCLKConfig), (24 bytes).
    Removing stm32f10x_rcc.o(i.RCC_HSEConfig), (76 bytes).
    Removing stm32f10x_rcc.o(i.RCC_HSICmd), (12 bytes).
    Removing stm32f10x_rcc.o(i.RCC_ITConfig), (32 bytes).
    Removing stm32f10x_rcc.o(i.RCC_LSEConfig), (52 bytes).
    Removing stm32f10x_rcc.o(i.RCC_LSICmd), (12 bytes).
    Removing stm32f10x_rcc.o(i.RCC_MCOConfig), (12 bytes).
    Removing stm32f10x_rcc.o(i.RCC_PCLK1Config), (24 bytes).
    Removing stm32f10x_rcc.o(i.RCC_PCLK2Config), (24 bytes).
    Removing stm32f10x_rcc.o(i.RCC_PLLCmd), (12 bytes).
    Removing stm32f10x_rcc.o(i.RCC_PLLConfig), (28 bytes).
    Removing stm32f10x_rcc.o(i.RCC_RTCCLKCmd), (12 bytes).
    Removing stm32f10x_rcc.o(i.RCC_RTCCLKConfig), (16 bytes).
    Removing stm32f10x_rcc.o(i.RCC_SYSCLKConfig), (24 bytes).
    Removing stm32f10x_rcc.o(i.RCC_USBCLKConfig), (12 bytes).
    Removing stm32f10x_rcc.o(i.RCC_WaitForHSEStartUp), (56 bytes).
    Removing stm32f10x_usart.o(.rev16_text), (4 bytes).
    Removing stm32f10x_usart.o(.revsh_text), (4 bytes).
    Removing stm32f10x_usart.o(.rrx_text), (6 bytes).
    Removing stm32f10x_usart.o(i.USART_ClockInit), (34 bytes).
    Removing stm32f10x_usart.o(i.USART_ClockStructInit), (12 bytes).
    Removing stm32f10x_usart.o(i.USART_DMACmd), (18 bytes).
    Removing stm32f10x_usart.o(i.USART_DeInit), (156 bytes).
    Removing stm32f10x_usart.o(i.USART_HalfDuplexCmd), (24 bytes).
    Removing stm32f10x_usart.o(i.USART_IrDACmd), (24 bytes).
    Removing stm32f10x_usart.o(i.USART_IrDAConfig), (18 bytes).
    Removing stm32f10x_usart.o(i.USART_LINBreakDetectLengthConfig), (18 bytes).
    Removing stm32f10x_usart.o(i.USART_LINCmd), (24 bytes).
    Removing stm32f10x_usart.o(i.USART_OneBitMethodCmd), (24 bytes).
    Removing stm32f10x_usart.o(i.USART_OverSampling8Cmd), (22 bytes).
    Removing stm32f10x_usart.o(i.USART_ReceiverWakeUpCmd), (24 bytes).
    Removing stm32f10x_usart.o(i.USART_SendBreak), (10 bytes).
    Removing stm32f10x_usart.o(i.USART_SetAddress), (18 bytes).
    Removing stm32f10x_usart.o(i.USART_SetGuardTime), (16 bytes).
    Removing stm32f10x_usart.o(i.USART_SetPrescaler), (16 bytes).
    Removing stm32f10x_usart.o(i.USART_SmartCardCmd), (24 bytes).
    Removing stm32f10x_usart.o(i.USART_SmartCardNACKCmd), (24 bytes).
    Removing stm32f10x_usart.o(i.USART_StructInit), (24 bytes).
    Removing stm32f10x_usart.o(i.USART_WakeUpConfig), (18 bytes).
    Removing stm32f10x_it.o(.rev16_text), (4 bytes).
    Removing stm32f10x_it.o(.revsh_text), (4 bytes).
    Removing stm32f10x_it.o(.rrx_text), (6 bytes).
    Removing startup_stm32f10x_hd.o(HEAP), (512 bytes).
    Removing stm32f10x_pwr.o(.rev16_text), (4 bytes).
    Removing stm32f10x_pwr.o(.revsh_text), (4 bytes).
    Removing stm32f10x_pwr.o(.rrx_text), (6 bytes).
    Removing stm32f10x_pwr.o(i.PWR_BackupAccessCmd), (12 bytes).
    Removing stm32f10x_pwr.o(i.PWR_ClearFlag), (20 bytes).
    Removing stm32f10x_pwr.o(i.PWR_DeInit), (22 bytes).
    Removing stm32f10x_pwr.o(i.PWR_EnterSTANDBYMode), (52 bytes).
    Removing stm32f10x_pwr.o(i.PWR_EnterSTOPMode), (64 bytes).
    Removing stm32f10x_pwr.o(i.PWR_GetFlagStatus), (24 bytes).
    Removing stm32f10x_pwr.o(i.PWR_PVDCmd), (12 bytes).
    Removing stm32f10x_pwr.o(i.PWR_PVDLevelConfig), (24 bytes).
    Removing stm32f10x_pwr.o(i.PWR_WakeUpPinCmd), (12 bytes).

118 unused section(s) (total 3516 bytes) removed from the image.

==============================================================================

Image Symbol Table

    Local Symbols

    Symbol Name                              Value     Ov Type        Size  Object(Section)

    ../clib/microlib/division.c              0x00000000   Number         0  uidiv.o ABSOLUTE
    ../clib/microlib/division.c              0x00000000   Number         0  uldiv.o ABSOLUTE
    ../clib/microlib/init/entry.s            0x00000000   Number         0  entry7a.o ABSOLUTE
    ../clib/microlib/init/entry.s            0x00000000   Number         0  entry.o ABSOLUTE
    ../clib/microlib/init/entry.s            0x00000000   Number         0  entry7b.o ABSOLUTE
    ../clib/microlib/init/entry.s            0x00000000   Number         0  entry5.o ABSOLUTE
    ../clib/microlib/init/entry.s            0x00000000   Number         0  entry8a.o ABSOLUTE
    ../clib/microlib/init/entry.s            0x00000000   Number         0  entry2.o ABSOLUTE
    ../clib/microlib/init/entry.s            0x00000000   Number         0  entry8b.o ABSOLUTE
    ../clib/microlib/init/entry.s            0x00000000   Number         0  entry9a.o ABSOLUTE
    ../clib/microlib/init/entry.s            0x00000000   Number         0  entry11a.o ABSOLUTE
    ../clib/microlib/init/entry.s            0x00000000   Number         0  entry9b.o ABSOLUTE
    ../clib/microlib/init/entry.s            0x00000000   Number         0  entry11b.o ABSOLUTE
    ../clib/microlib/init/entry.s            0x00000000   Number         0  entry10a.o ABSOLUTE
    ../clib/microlib/init/entry.s            0x00000000   Number         0  entry10b.o ABSOLUTE
    ../clib/microlib/longlong.c              0x00000000   Number         0  llsshr.o ABSOLUTE
    ../clib/microlib/longlong.c              0x00000000   Number         0  llushr.o ABSOLUTE
    ../clib/microlib/longlong.c              0x00000000   Number         0  llshl.o ABSOLUTE
    ../clib/microlib/printf/printf.c         0x00000000   Number         0  printfb.o ABSOLUTE
    ../clib/microlib/printf/printf.c         0x00000000   Number         0  printf0.o ABSOLUTE
    ../clib/microlib/printf/printf.c         0x00000000   Number         0  printf1.o ABSOLUTE
    ../clib/microlib/printf/printf.c         0x00000000   Number         0  printf2.o ABSOLUTE
    ../clib/microlib/printf/printf.c         0x00000000   Number         0  printf3.o ABSOLUTE
    ../clib/microlib/printf/printf.c         0x00000000   Number         0  printf4.o ABSOLUTE
    ../clib/microlib/printf/printf.c         0x00000000   Number         0  printf5.o ABSOLUTE
    ../clib/microlib/printf/printf.c         0x00000000   Number         0  printf6.o ABSOLUTE
    ../clib/microlib/printf/printf.c         0x00000000   Number         0  printf7.o ABSOLUTE
    ../clib/microlib/printf/printf.c         0x00000000   Number         0  printf8.o ABSOLUTE
    ../clib/microlib/printf/printf.c         0x00000000   Number         0  printfa.o ABSOLUTE
    ../clib/microlib/printf/stubs.s          0x00000000   Number         0  stubs.o ABSOLUTE
    ../clib/microlib/stdio/streams.c         0x00000000   Number         0  stdout.o ABSOLUTE
    ../clib/microlib/string/memcpy.c         0x00000000   Number         0  memcpyb.o ABSOLUTE
    ../clib/microlib/string/memcpy.c         0x00000000   Number         0  memcpya.o ABSOLUTE
    ../clib/microlib/string/memset.c         0x00000000   Number         0  memseta.o ABSOLUTE
    ../clib/microlib/stubs.s                 0x00000000   Number         0  iusefp.o ABSOLUTE
    ../fplib/microlib/f2d.c                  0x00000000   Number         0  f2d.o ABSOLUTE
    ../fplib/microlib/fpadd.c                0x00000000   Number         0  dadd.o ABSOLUTE
    ../fplib/microlib/fpdiv.c                0x00000000   Number         0  ddiv.o ABSOLUTE
    ../fplib/microlib/fpdiv.c                0x00000000   Number         0  fdiv.o ABSOLUTE
    ../fplib/microlib/fpepilogue.c           0x00000000   Number         0  fepilogue.o ABSOLUTE
    ../fplib/microlib/fpepilogue.c           0x00000000   Number         0  depilogue.o ABSOLUTE
    ../fplib/microlib/fpfix.c                0x00000000   Number         0  dfixul.o ABSOLUTE
    ../fplib/microlib/fpflt.c                0x00000000   Number         0  fflti.o ABSOLUTE
    ../fplib/microlib/fpmul.c                0x00000000   Number         0  fmul.o ABSOLUTE
    ../fplib/microlib/fpmul.c                0x00000000   Number         0  dmul.o ABSOLUTE
    ..\Source\APP\Main.c                     0x00000000   Number         0  main.o ABSOLUTE
    ..\Source\Drive\UART1.c                  0x00000000   Number         0  uart1.o ABSOLUTE
    ..\Source\Drive\UART2.c                  0x00000000   Number         0  uart2.o ABSOLUTE
    ..\Source\Drive\delay.c                  0x00000000   Number         0  delay.o ABSOLUTE
    ..\Source\STM32F10xLib\M3\stm32f10x_it.c 0x00000000   Number         0  stm32f10x_it.o ABSOLUTE
    ..\Source\STM32F10xLib\M3\system_stm32f10x.c 0x00000000   Number         0  system_stm32f10x.o ABSOLUTE
    ..\Source\STM32F10xLib\src\misc.c        0x00000000   Number         0  misc.o ABSOLUTE
    ..\Source\STM32F10xLib\src\stm32f10x_gpio.c 0x00000000   Number         0  stm32f10x_gpio.o ABSOLUTE
    ..\Source\STM32F10xLib\src\stm32f10x_pwr.c 0x00000000   Number         0  stm32f10x_pwr.o ABSOLUTE
    ..\Source\STM32F10xLib\src\stm32f10x_rcc.c 0x00000000   Number         0  stm32f10x_rcc.o ABSOLUTE
    ..\Source\STM32F10xLib\src\stm32f10x_usart.c 0x00000000   Number         0  stm32f10x_usart.o ABSOLUTE
    ..\Source\STM32F10xLib\startup\startup_stm32f10x_hd.s 0x00000000   Number         0  startup_stm32f10x_hd.o ABSOLUTE
    ..\Source\wit_c_sdk\wit_c_sdk.c          0x00000000   Number         0  wit_c_sdk.o ABSOLUTE
    ..\\Source\\APP\\Main.c                  0x00000000   Number         0  main.o ABSOLUTE
    ..\\Source\\Drive\\UART1.c               0x00000000   Number         0  uart1.o ABSOLUTE
    ..\\Source\\Drive\\UART2.c               0x00000000   Number         0  uart2.o ABSOLUTE
    ..\\Source\\Drive\\delay.c               0x00000000   Number         0  delay.o ABSOLUTE
    ..\\Source\\STM32F10xLib\\M3\\stm32f10x_it.c 0x00000000   Number         0  stm32f10x_it.o ABSOLUTE
    ..\\Source\\STM32F10xLib\\M3\\system_stm32f10x.c 0x00000000   Number         0  system_stm32f10x.o ABSOLUTE
    ..\\Source\\STM32F10xLib\\src\\misc.c    0x00000000   Number         0  misc.o ABSOLUTE
    ..\\Source\\STM32F10xLib\\src\\stm32f10x_gpio.c 0x00000000   Number         0  stm32f10x_gpio.o ABSOLUTE
    ..\\Source\\STM32F10xLib\\src\\stm32f10x_pwr.c 0x00000000   Number         0  stm32f10x_pwr.o ABSOLUTE
    ..\\Source\\STM32F10xLib\\src\\stm32f10x_rcc.c 0x00000000   Number         0  stm32f10x_rcc.o ABSOLUTE
    ..\\Source\\STM32F10xLib\\src\\stm32f10x_usart.c 0x00000000   Number         0  stm32f10x_usart.o ABSOLUTE
    cdrcmple.s                               0x00000000   Number         0  cdrcmple.o ABSOLUTE
    dc.s                                     0x00000000   Number         0  dc.o ABSOLUTE
    handlers.s                               0x00000000   Number         0  handlers.o ABSOLUTE
    init.s                                   0x00000000   Number         0  init.o ABSOLUTE
    RESET                                    0x08000000   Section      304  startup_stm32f10x_hd.o(RESET)
    .ARM.Collect$$$$00000000                 0x08000130   Section        0  entry.o(.ARM.Collect$$$$00000000)
    .ARM.Collect$$$$00000001                 0x08000130   Section        4  entry2.o(.ARM.Collect$$$$00000001)
    .ARM.Collect$$$$00000004                 0x08000134   Section        4  entry5.o(.ARM.Collect$$$$00000004)
    .ARM.Collect$$$$00000008                 0x08000138   Section        0  entry7b.o(.ARM.Collect$$$$00000008)
    .ARM.Collect$$$$0000000A                 0x08000138   Section        0  entry8b.o(.ARM.Collect$$$$0000000A)
    .ARM.Collect$$$$0000000B                 0x08000138   Section        8  entry9a.o(.ARM.Collect$$$$0000000B)
    .ARM.Collect$$$$0000000D                 0x08000140   Section        0  entry10a.o(.ARM.Collect$$$$0000000D)
    .ARM.Collect$$$$0000000F                 0x08000140   Section        0  entry11a.o(.ARM.Collect$$$$0000000F)
    .ARM.Collect$$$$00002712                 0x08000140   Section        4  entry2.o(.ARM.Collect$$$$00002712)
    __lit__00000000                          0x08000140   Data           4  entry2.o(.ARM.Collect$$$$00002712)
    .text                                    0x08000144   Section       36  startup_stm32f10x_hd.o(.text)
    .text                                    0x08000168   Section        0  memcpya.o(.text)
    .text                                    0x0800018c   Section        0  memseta.o(.text)
    .text                                    0x080001b0   Section        0  fmul.o(.text)
    .text                                    0x08000214   Section        0  fdiv.o(.text)
    .text                                    0x08000290   Section        0  fflti.o(.text)
    .text                                    0x080002a2   Section        0  f2d.o(.text)
    .text                                    0x080002c8   Section        0  uidiv.o(.text)
    .text                                    0x080002f4   Section        0  uldiv.o(.text)
    .text                                    0x08000356   Section        0  fepilogue.o(.text)
    .text                                    0x08000356   Section        0  iusefp.o(.text)
    .text                                    0x080003c4   Section        0  dadd.o(.text)
    .text                                    0x08000512   Section        0  dmul.o(.text)
    .text                                    0x080005f6   Section        0  ddiv.o(.text)
    .text                                    0x080006d4   Section        0  dfixul.o(.text)
    .text                                    0x08000704   Section       48  cdrcmple.o(.text)
    .text                                    0x08000734   Section       36  init.o(.text)
    .text                                    0x08000758   Section        0  llshl.o(.text)
    .text                                    0x08000776   Section        0  llushr.o(.text)
    .text                                    0x08000796   Section        0  llsshr.o(.text)
    .text                                    0x080007ba   Section        0  depilogue.o(.text)
    i.AutoScanSensor                         0x08000874   Section        0  main.o(i.AutoScanSensor)
    AutoScanSensor                           0x08000875   Thumb Code    92  main.o(i.AutoScanSensor)
    i.BusFault_Handler                       0x08000928   Section        0  stm32f10x_it.o(i.BusFault_Handler)
    i.CheckRange                             0x0800092c   Section        0  wit_c_sdk.o(i.CheckRange)
    i.CmdProcess                             0x08000940   Section        0  main.o(i.CmdProcess)
    CmdProcess                               0x08000941   Thumb Code   278  main.o(i.CmdProcess)
    i.CopeCmdData                            0x08000ae4   Section        0  main.o(i.CopeCmdData)
    i.CopeWitData                            0x08000b68   Section        0  wit_c_sdk.o(i.CopeWitData)
    i.DebugMon_Handler                       0x08000c58   Section        0  stm32f10x_it.o(i.DebugMon_Handler)
    i.Delayms                                0x08000c5a   Section        0  main.o(i.Delayms)
    Delayms                                  0x08000c5b   Thumb Code    12  main.o(i.Delayms)
    i.GPIO_Init                              0x08000c66   Section        0  stm32f10x_gpio.o(i.GPIO_Init)
    i.GPIO_SetBits                           0x08000d7c   Section        0  stm32f10x_gpio.o(i.GPIO_SetBits)
    i.HardFault_Handler                      0x08000d80   Section        0  stm32f10x_it.o(i.HardFault_Handler)
    i.MemManage_Handler                      0x08000d84   Section        0  stm32f10x_it.o(i.MemManage_Handler)
    i.NMI_Handler                            0x08000d88   Section        0  stm32f10x_it.o(i.NMI_Handler)
    i.NVIC_Init                              0x08000d8c   Section        0  misc.o(i.NVIC_Init)
    i.PendSV_Handler                         0x08000dfc   Section        0  stm32f10x_it.o(i.PendSV_Handler)
    i.RCC_APB1PeriphClockCmd                 0x08000e00   Section        0  stm32f10x_rcc.o(i.RCC_APB1PeriphClockCmd)
    i.RCC_APB2PeriphClockCmd                 0x08000e20   Section        0  stm32f10x_rcc.o(i.RCC_APB2PeriphClockCmd)
    i.RCC_GetClocksFreq                      0x08000e40   Section        0  stm32f10x_rcc.o(i.RCC_GetClocksFreq)
    i.SVC_Handler                            0x08000f14   Section        0  stm32f10x_it.o(i.SVC_Handler)
    i.SensorDataUpdata                       0x08000f18   Section        0  main.o(i.SensorDataUpdata)
    SensorDataUpdata                         0x08000f19   Thumb Code   100  main.o(i.SensorDataUpdata)
    i.SensorUartSend                         0x08000f8c   Section        0  main.o(i.SensorUartSend)
    SensorUartSend                           0x08000f8d   Thumb Code    16  main.o(i.SensorUartSend)
    i.SetSysClock                            0x08000f9c   Section        0  system_stm32f10x.o(i.SetSysClock)
    SetSysClock                              0x08000f9d   Thumb Code     8  system_stm32f10x.o(i.SetSysClock)
    i.SetSysClockTo72                        0x08000fa4   Section        0  system_stm32f10x.o(i.SetSysClockTo72)
    SetSysClockTo72                          0x08000fa5   Thumb Code   214  system_stm32f10x.o(i.SetSysClockTo72)
    i.ShowHelp                               0x08001084   Section        0  main.o(i.ShowHelp)
    ShowHelp                                 0x08001085   Thumb Code    88  main.o(i.ShowHelp)
    i.SysTick_CLKSourceConfig                0x0800129c   Section        0  misc.o(i.SysTick_CLKSourceConfig)
    i.SysTick_Init                           0x080012c4   Section        0  delay.o(i.SysTick_Init)
    i.SystemInit                             0x08001308   Section        0  system_stm32f10x.o(i.SystemInit)
    i.USART1_IRQHandler                      0x08001368   Section        0  uart1.o(i.USART1_IRQHandler)
    i.USART2_IRQHandler                      0x080013a4   Section        0  uart2.o(i.USART2_IRQHandler)
    i.USART_ClearFlag                        0x080013d0   Section        0  stm32f10x_usart.o(i.USART_ClearFlag)
    i.USART_ClearITPendingBit                0x080013e2   Section        0  stm32f10x_usart.o(i.USART_ClearITPendingBit)
    i.USART_Cmd                              0x08001400   Section        0  stm32f10x_usart.o(i.USART_Cmd)
    i.USART_GetFlagStatus                    0x08001418   Section        0  stm32f10x_usart.o(i.USART_GetFlagStatus)
    i.USART_GetITStatus                      0x08001432   Section        0  stm32f10x_usart.o(i.USART_GetITStatus)
    i.USART_ITConfig                         0x08001486   Section        0  stm32f10x_usart.o(i.USART_ITConfig)
    i.USART_Init                             0x080014d0   Section        0  stm32f10x_usart.o(i.USART_Init)
    i.USART_ReceiveData                      0x080015a8   Section        0  stm32f10x_usart.o(i.USART_ReceiveData)
    i.USART_SendData                         0x080015b2   Section        0  stm32f10x_usart.o(i.USART_SendData)
    i.Uart2Send                              0x080015bc   Section        0  uart2.o(i.Uart2Send)
    i.UsageFault_Handler                     0x080015f8   Section        0  stm32f10x_it.o(i.UsageFault_Handler)
    i.Usart1Init                             0x080015fc   Section        0  uart1.o(i.Usart1Init)
    i.Usart2Init                             0x080016d0   Section        0  uart2.o(i.Usart2Init)
    i.WitDelayMsRegister                     0x08001798   Section        0  wit_c_sdk.o(i.WitDelayMsRegister)
    i.WitInit                                0x080017b0   Section        0  wit_c_sdk.o(i.WitInit)
    i.WitReadReg                             0x080017dc   Section        0  wit_c_sdk.o(i.WitReadReg)
    i.WitRegisterCallBack                    0x080019a8   Section        0  wit_c_sdk.o(i.WitRegisterCallBack)
    i.WitSerialDataIn                        0x080019c0   Section        0  wit_c_sdk.o(i.WitSerialDataIn)
    i.WitSerialWriteRegister                 0x08001bc0   Section        0  wit_c_sdk.o(i.WitSerialWriteRegister)
    i.WitSetBandwidth                        0x08001bd8   Section        0  wit_c_sdk.o(i.WitSetBandwidth)
    i.WitSetContent                          0x08001c3c   Section        0  wit_c_sdk.o(i.WitSetContent)
    i.WitSetOutputRate                       0x08001ca4   Section        0  wit_c_sdk.o(i.WitSetOutputRate)
    i.WitSetUartBaud                         0x08001d08   Section        0  wit_c_sdk.o(i.WitSetUartBaud)
    i.WitStartAccCali                        0x08001d6c   Section        0  wit_c_sdk.o(i.WitStartAccCali)
    i.WitStartMagCali                        0x08001dbc   Section        0  wit_c_sdk.o(i.WitStartMagCali)
    i.WitStopMagCali                         0x08001e0c   Section        0  wit_c_sdk.o(i.WitStopMagCali)
    i.WitWriteReg                            0x08001e5c   Section        0  wit_c_sdk.o(i.WitWriteReg)
    i.__0printf                              0x08001f98   Section        0  printfa.o(i.__0printf)
    i.__CRC16                                0x08001fb8   Section        0  wit_c_sdk.o(i.__CRC16)
    __CRC16                                  0x08001fb9   Thumb Code    48  wit_c_sdk.o(i.__CRC16)
    i.__CaliSum                              0x08001ff0   Section        0  wit_c_sdk.o(i.__CaliSum)
    __CaliSum                                0x08001ff1   Thumb Code    26  wit_c_sdk.o(i.__CaliSum)
    i.__scatterload_copy                     0x0800200a   Section       14  handlers.o(i.__scatterload_copy)
    i.__scatterload_null                     0x08002018   Section        2  handlers.o(i.__scatterload_null)
    i.__scatterload_zeroinit                 0x0800201a   Section       14  handlers.o(i.__scatterload_zeroinit)
    i._fp_digits                             0x08002028   Section        0  printfa.o(i._fp_digits)
    _fp_digits                               0x08002029   Thumb Code   334  printfa.o(i._fp_digits)
    i._printf_core                           0x0800218c   Section        0  printfa.o(i._printf_core)
    _printf_core                             0x0800218d   Thumb Code  1744  printfa.o(i._printf_core)
    i._printf_post_padding                   0x08002868   Section        0  printfa.o(i._printf_post_padding)
    _printf_post_padding                     0x08002869   Thumb Code    36  printfa.o(i._printf_post_padding)
    i._printf_pre_padding                    0x0800288c   Section        0  printfa.o(i._printf_pre_padding)
    _printf_pre_padding                      0x0800288d   Thumb Code    46  printfa.o(i._printf_pre_padding)
    i.delay_ms                               0x080028bc   Section        0  delay.o(i.delay_ms)
    i.fputc                                  0x08002908   Section        0  uart1.o(i.fputc)
    i.main                                   0x0800292c   Section        0  main.o(i.main)
    .constdata                               0x08002bb0   Section       40  main.o(.constdata)
    .constdata                               0x08002bd8   Section      512  wit_c_sdk.o(.constdata)
    __auchCRCHi                              0x08002bd8   Data         256  wit_c_sdk.o(.constdata)
    __auchCRCLo                              0x08002cd8   Data         256  wit_c_sdk.o(.constdata)
    .conststring                             0x08002dd8   Section      514  main.o(.conststring)
    .data                                    0x20000000   Section        6  main.o(.data)
    s_cDataUpdate1                           0x20000000   Data           1  main.o(.data)
    s_cDataUpdate2                           0x20000001   Data           1  main.o(.data)
    s_cDataUpdate3                           0x20000002   Data           1  main.o(.data)
    s_cDataUpdate4                           0x20000003   Data           1  main.o(.data)
    s_cCmd                                   0x20000004   Data           1  main.o(.data)
    s_ucRxCnt                                0x20000005   Data           1  main.o(.data)
    .data                                    0x20000008   Section       56  wit_c_sdk.o(.data)
    p_WitSerialWriteFunc                     0x20000008   Data           4  wit_c_sdk.o(.data)
    p_WitI2cWriteFunc                        0x2000000c   Data           4  wit_c_sdk.o(.data)
    p_WitI2cReadFunc                         0x20000010   Data           4  wit_c_sdk.o(.data)
    p_WitCanWriteFunc                        0x20000014   Data           4  wit_c_sdk.o(.data)
    p_WitRegUpdateCbFunc                     0x20000018   Data           4  wit_c_sdk.o(.data)
    p_WitDelaymsFunc                         0x2000001c   Data           4  wit_c_sdk.o(.data)
    s_ucAddr                                 0x20000020   Data           1  wit_c_sdk.o(.data)
    s_uiWitDataCnt                           0x20000024   Data           4  wit_c_sdk.o(.data)
    s_uiProtoclo                             0x20000028   Data           4  wit_c_sdk.o(.data)
    s_uiReadRegIndex                         0x2000002c   Data           4  wit_c_sdk.o(.data)
    .data                                    0x20000040   Section        8  delay.o(.data)
    fac_us                                   0x20000040   Data           2  delay.o(.data)
    fac_ms                                   0x20000042   Data           2  delay.o(.data)
    sv_uiDelay                               0x20000044   Data           4  delay.o(.data)
    .data                                    0x20000048   Section       20  system_stm32f10x.o(.data)
    .data                                    0x2000005c   Section       20  stm32f10x_rcc.o(.data)
    APBAHBPrescTable                         0x2000005c   Data          16  stm32f10x_rcc.o(.data)
    ADCPrescTable                            0x2000006c   Data           4  stm32f10x_rcc.o(.data)
    .data                                    0x20000070   Section        4  stdout.o(.data)
    .bss                                     0x20000074   Section       50  main.o(.bss)
    s_ucData                                 0x20000074   Data          50  main.o(.bss)
    .bss                                     0x200000a6   Section      544  wit_c_sdk.o(.bss)
    s_ucWitDataBuff                          0x200000a6   Data         256  wit_c_sdk.o(.bss)
    STACK                                    0x200002c8   Section     1024  startup_stm32f10x_hd.o(STACK)

    Global Symbols

    Symbol Name                              Value     Ov Type        Size  Object(Section)

    BuildAttributes$$THM_ISAv4$P$D$K$B$S$PE$A:L22UL41UL21$X:L11$S22US41US21$IEEE1$IW$USESV6$~STKCKD$USESV7$~SHL$OTIME$ROPI$EBA8$MICROLIB$REQ8$PRES8$EABIv2 0x00000000   Number         0  anon$$obj.o ABSOLUTE
    __ARM_use_no_argv                        0x00000000   Number         0  main.o ABSOLUTE
    _printf_a                                0x00000000   Number         0  stubs.o ABSOLUTE
    _printf_c                                0x00000000   Number         0  stubs.o ABSOLUTE
    _printf_charcount                        0x00000000   Number         0  stubs.o ABSOLUTE
    _printf_d                                0x00000000   Number         0  stubs.o ABSOLUTE
    _printf_e                                0x00000000   Number         0  stubs.o ABSOLUTE
    _printf_f                                0x00000000   Number         0  stubs.o ABSOLUTE
    _printf_flags                            0x00000000   Number         0  stubs.o ABSOLUTE
    _printf_fp_dec                           0x00000000   Number         0  stubs.o ABSOLUTE
    _printf_fp_hex                           0x00000000   Number         0  stubs.o ABSOLUTE
    _printf_g                                0x00000000   Number         0  stubs.o ABSOLUTE
    _printf_i                                0x00000000   Number         0  stubs.o ABSOLUTE
    _printf_int_dec                          0x00000000   Number         0  stubs.o ABSOLUTE
    _printf_l                                0x00000000   Number         0  stubs.o ABSOLUTE
    _printf_lc                               0x00000000   Number         0  stubs.o ABSOLUTE
    _printf_ll                               0x00000000   Number         0  stubs.o ABSOLUTE
    _printf_lld                              0x00000000   Number         0  stubs.o ABSOLUTE
    _printf_lli                              0x00000000   Number         0  stubs.o ABSOLUTE
    _printf_llo                              0x00000000   Number         0  stubs.o ABSOLUTE
    _printf_llu                              0x00000000   Number         0  stubs.o ABSOLUTE
    _printf_llx                              0x00000000   Number         0  stubs.o ABSOLUTE
    _printf_longlong_dec                     0x00000000   Number         0  stubs.o ABSOLUTE
    _printf_longlong_hex                     0x00000000   Number         0  stubs.o ABSOLUTE
    _printf_longlong_oct                     0x00000000   Number         0  stubs.o ABSOLUTE
    _printf_ls                               0x00000000   Number         0  stubs.o ABSOLUTE
    _printf_mbtowc                           0x00000000   Number         0  stubs.o ABSOLUTE
    _printf_n                                0x00000000   Number         0  stubs.o ABSOLUTE
    _printf_o                                0x00000000   Number         0  stubs.o ABSOLUTE
    _printf_p                                0x00000000   Number         0  stubs.o ABSOLUTE
    _printf_percent                          0x00000000   Number         0  stubs.o ABSOLUTE
    _printf_pre_padding                      0x00000000   Number         0  stubs.o ABSOLUTE
    _printf_return_value                     0x00000000   Number         0  stubs.o ABSOLUTE
    _printf_s                                0x00000000   Number         0  stubs.o ABSOLUTE
    _printf_sizespec                         0x00000000   Number         0  stubs.o ABSOLUTE
    _printf_str                              0x00000000   Number         0  stubs.o ABSOLUTE
    _printf_truncate_signed                  0x00000000   Number         0  stubs.o ABSOLUTE
    _printf_truncate_unsigned                0x00000000   Number         0  stubs.o ABSOLUTE
    _printf_u                                0x00000000   Number         0  stubs.o ABSOLUTE
    _printf_wc                               0x00000000   Number         0  stubs.o ABSOLUTE
    _printf_wctomb                           0x00000000   Number         0  stubs.o ABSOLUTE
    _printf_widthprec                        0x00000000   Number         0  stubs.o ABSOLUTE
    _printf_x                                0x00000000   Number         0  stubs.o ABSOLUTE
    __cpp_initialize__aeabi_                  - Undefined Weak Reference
    __cxa_finalize                            - Undefined Weak Reference
    __decompress                              - Undefined Weak Reference
    _clock_init                               - Undefined Weak Reference
    _microlib_exit                            - Undefined Weak Reference
    __Vectors_Size                           0x00000130   Number         0  startup_stm32f10x_hd.o ABSOLUTE
    __Vectors                                0x08000000   Data           4  startup_stm32f10x_hd.o(RESET)
    __Vectors_End                            0x08000130   Data           0  startup_stm32f10x_hd.o(RESET)
    __main                                   0x08000131   Thumb Code     0  entry.o(.ARM.Collect$$$$00000000)
    _main_stk                                0x08000131   Thumb Code     0  entry2.o(.ARM.Collect$$$$00000001)
    _main_scatterload                        0x08000135   Thumb Code     0  entry5.o(.ARM.Collect$$$$00000004)
    __main_after_scatterload                 0x08000139   Thumb Code     0  entry5.o(.ARM.Collect$$$$00000004)
    _main_clock                              0x08000139   Thumb Code     0  entry7b.o(.ARM.Collect$$$$00000008)
    _main_cpp_init                           0x08000139   Thumb Code     0  entry8b.o(.ARM.Collect$$$$0000000A)
    _main_init                               0x08000139   Thumb Code     0  entry9a.o(.ARM.Collect$$$$0000000B)
    __rt_final_cpp                           0x08000141   Thumb Code     0  entry10a.o(.ARM.Collect$$$$0000000D)
    __rt_final_exit                          0x08000141   Thumb Code     0  entry11a.o(.ARM.Collect$$$$0000000F)
    Reset_Handler                            0x08000145   Thumb Code     8  startup_stm32f10x_hd.o(.text)
    SysTick_Handler                          0x0800015d   Thumb Code     2  startup_stm32f10x_hd.o(.text)
    ADC1_2_IRQHandler                        0x0800015f   Thumb Code     0  startup_stm32f10x_hd.o(.text)
    ADC3_IRQHandler                          0x0800015f   Thumb Code     0  startup_stm32f10x_hd.o(.text)
    CAN1_RX1_IRQHandler                      0x0800015f   Thumb Code     0  startup_stm32f10x_hd.o(.text)
    CAN1_SCE_IRQHandler                      0x0800015f   Thumb Code     0  startup_stm32f10x_hd.o(.text)
    DMA1_Channel1_IRQHandler                 0x0800015f   Thumb Code     0  startup_stm32f10x_hd.o(.text)
    DMA1_Channel2_IRQHandler                 0x0800015f   Thumb Code     0  startup_stm32f10x_hd.o(.text)
    DMA1_Channel3_IRQHandler                 0x0800015f   Thumb Code     0  startup_stm32f10x_hd.o(.text)
    DMA1_Channel4_IRQHandler                 0x0800015f   Thumb Code     0  startup_stm32f10x_hd.o(.text)
    DMA1_Channel5_IRQHandler                 0x0800015f   Thumb Code     0  startup_stm32f10x_hd.o(.text)
    DMA1_Channel6_IRQHandler                 0x0800015f   Thumb Code     0  startup_stm32f10x_hd.o(.text)
    DMA1_Channel7_IRQHandler                 0x0800015f   Thumb Code     0  startup_stm32f10x_hd.o(.text)
    DMA2_Channel1_IRQHandler                 0x0800015f   Thumb Code     0  startup_stm32f10x_hd.o(.text)
    DMA2_Channel2_IRQHandler                 0x0800015f   Thumb Code     0  startup_stm32f10x_hd.o(.text)
    DMA2_Channel3_IRQHandler                 0x0800015f   Thumb Code     0  startup_stm32f10x_hd.o(.text)
    DMA2_Channel4_5_IRQHandler               0x0800015f   Thumb Code     0  startup_stm32f10x_hd.o(.text)
    EXTI0_IRQHandler                         0x0800015f   Thumb Code     0  startup_stm32f10x_hd.o(.text)
    EXTI15_10_IRQHandler                     0x0800015f   Thumb Code     0  startup_stm32f10x_hd.o(.text)
    EXTI1_IRQHandler                         0x0800015f   Thumb Code     0  startup_stm32f10x_hd.o(.text)
    EXTI2_IRQHandler                         0x0800015f   Thumb Code     0  startup_stm32f10x_hd.o(.text)
    EXTI3_IRQHandler                         0x0800015f   Thumb Code     0  startup_stm32f10x_hd.o(.text)
    EXTI4_IRQHandler                         0x0800015f   Thumb Code     0  startup_stm32f10x_hd.o(.text)
    EXTI9_5_IRQHandler                       0x0800015f   Thumb Code     0  startup_stm32f10x_hd.o(.text)
    FLASH_IRQHandler                         0x0800015f   Thumb Code     0  startup_stm32f10x_hd.o(.text)
    FSMC_IRQHandler                          0x0800015f   Thumb Code     0  startup_stm32f10x_hd.o(.text)
    I2C1_ER_IRQHandler                       0x0800015f   Thumb Code     0  startup_stm32f10x_hd.o(.text)
    I2C1_EV_IRQHandler                       0x0800015f   Thumb Code     0  startup_stm32f10x_hd.o(.text)
    I2C2_ER_IRQHandler                       0x0800015f   Thumb Code     0  startup_stm32f10x_hd.o(.text)
    I2C2_EV_IRQHandler                       0x0800015f   Thumb Code     0  startup_stm32f10x_hd.o(.text)
    PVD_IRQHandler                           0x0800015f   Thumb Code     0  startup_stm32f10x_hd.o(.text)
    RCC_IRQHandler                           0x0800015f   Thumb Code     0  startup_stm32f10x_hd.o(.text)
    RTCAlarm_IRQHandler                      0x0800015f   Thumb Code     0  startup_stm32f10x_hd.o(.text)
    RTC_IRQHandler                           0x0800015f   Thumb Code     0  startup_stm32f10x_hd.o(.text)
    SDIO_IRQHandler                          0x0800015f   Thumb Code     0  startup_stm32f10x_hd.o(.text)
    SPI1_IRQHandler                          0x0800015f   Thumb Code     0  startup_stm32f10x_hd.o(.text)
    SPI2_IRQHandler                          0x0800015f   Thumb Code     0  startup_stm32f10x_hd.o(.text)
    SPI3_IRQHandler                          0x0800015f   Thumb Code     0  startup_stm32f10x_hd.o(.text)
    TAMPER_IRQHandler                        0x0800015f   Thumb Code     0  startup_stm32f10x_hd.o(.text)
    TIM1_BRK_IRQHandler                      0x0800015f   Thumb Code     0  startup_stm32f10x_hd.o(.text)
    TIM1_CC_IRQHandler                       0x0800015f   Thumb Code     0  startup_stm32f10x_hd.o(.text)
    TIM1_TRG_COM_IRQHandler                  0x0800015f   Thumb Code     0  startup_stm32f10x_hd.o(.text)
    TIM1_UP_IRQHandler                       0x0800015f   Thumb Code     0  startup_stm32f10x_hd.o(.text)
    TIM2_IRQHandler                          0x0800015f   Thumb Code     0  startup_stm32f10x_hd.o(.text)
    TIM3_IRQHandler                          0x0800015f   Thumb Code     0  startup_stm32f10x_hd.o(.text)
    TIM4_IRQHandler                          0x0800015f   Thumb Code     0  startup_stm32f10x_hd.o(.text)
    TIM5_IRQHandler                          0x0800015f   Thumb Code     0  startup_stm32f10x_hd.o(.text)
    TIM6_IRQHandler                          0x0800015f   Thumb Code     0  startup_stm32f10x_hd.o(.text)
    TIM7_IRQHandler                          0x0800015f   Thumb Code     0  startup_stm32f10x_hd.o(.text)
    TIM8_BRK_IRQHandler                      0x0800015f   Thumb Code     0  startup_stm32f10x_hd.o(.text)
    TIM8_CC_IRQHandler                       0x0800015f   Thumb Code     0  startup_stm32f10x_hd.o(.text)
    TIM8_TRG_COM_IRQHandler                  0x0800015f   Thumb Code     0  startup_stm32f10x_hd.o(.text)
    TIM8_UP_IRQHandler                       0x0800015f   Thumb Code     0  startup_stm32f10x_hd.o(.text)
    UART4_IRQHandler                         0x0800015f   Thumb Code     0  startup_stm32f10x_hd.o(.text)
    UART5_IRQHandler                         0x0800015f   Thumb Code     0  startup_stm32f10x_hd.o(.text)
    USART3_IRQHandler                        0x0800015f   Thumb Code     0  startup_stm32f10x_hd.o(.text)
    USBWakeUp_IRQHandler                     0x0800015f   Thumb Code     0  startup_stm32f10x_hd.o(.text)
    USB_HP_CAN1_TX_IRQHandler                0x0800015f   Thumb Code     0  startup_stm32f10x_hd.o(.text)
    USB_LP_CAN1_RX0_IRQHandler               0x0800015f   Thumb Code     0  startup_stm32f10x_hd.o(.text)
    WWDG_IRQHandler                          0x0800015f   Thumb Code     0  startup_stm32f10x_hd.o(.text)
    __aeabi_memcpy                           0x08000169   Thumb Code    36  memcpya.o(.text)
    __aeabi_memcpy4                          0x08000169   Thumb Code     0  memcpya.o(.text)
    __aeabi_memcpy8                          0x08000169   Thumb Code     0  memcpya.o(.text)
    __aeabi_memset                           0x0800018d   Thumb Code    14  memseta.o(.text)
    __aeabi_memset4                          0x0800018d   Thumb Code     0  memseta.o(.text)
    __aeabi_memset8                          0x0800018d   Thumb Code     0  memseta.o(.text)
    __aeabi_memclr                           0x0800019b   Thumb Code     4  memseta.o(.text)
    __aeabi_memclr4                          0x0800019b   Thumb Code     0  memseta.o(.text)
    __aeabi_memclr8                          0x0800019b   Thumb Code     0  memseta.o(.text)
    _memset$wrapper                          0x0800019f   Thumb Code    18  memseta.o(.text)
    __aeabi_fmul                             0x080001b1   Thumb Code   100  fmul.o(.text)
    __aeabi_fdiv                             0x08000215   Thumb Code   124  fdiv.o(.text)
    __aeabi_i2f                              0x08000291   Thumb Code    18  fflti.o(.text)
    __aeabi_f2d                              0x080002a3   Thumb Code    38  f2d.o(.text)
    __aeabi_uidiv                            0x080002c9   Thumb Code     0  uidiv.o(.text)
    __aeabi_uidivmod                         0x080002c9   Thumb Code    44  uidiv.o(.text)
    __aeabi_uldivmod                         0x080002f5   Thumb Code    98  uldiv.o(.text)
    __I$use$fp                               0x08000357   Thumb Code     0  iusefp.o(.text)
    _float_round                             0x08000357   Thumb Code    18  fepilogue.o(.text)
    _float_epilogue                          0x08000369   Thumb Code    92  fepilogue.o(.text)
    __aeabi_dadd                             0x080003c5   Thumb Code   322  dadd.o(.text)
    __aeabi_dsub                             0x08000507   Thumb Code     6  dadd.o(.text)
    __aeabi_drsub                            0x0800050d   Thumb Code     6  dadd.o(.text)
    __aeabi_dmul                             0x08000513   Thumb Code   228  dmul.o(.text)
    __aeabi_ddiv                             0x080005f7   Thumb Code   222  ddiv.o(.text)
    __aeabi_d2ulz                            0x080006d5   Thumb Code    48  dfixul.o(.text)
    __aeabi_cdrcmple                         0x08000705   Thumb Code    48  cdrcmple.o(.text)
    __scatterload                            0x08000735   Thumb Code    28  init.o(.text)
    __scatterload_rt2                        0x08000735   Thumb Code     0  init.o(.text)
    __aeabi_llsl                             0x08000759   Thumb Code    30  llshl.o(.text)
    _ll_shift_l                              0x08000759   Thumb Code     0  llshl.o(.text)
    __aeabi_llsr                             0x08000777   Thumb Code    32  llushr.o(.text)
    _ll_ushift_r                             0x08000777   Thumb Code     0  llushr.o(.text)
    __aeabi_lasr                             0x08000797   Thumb Code    36  llsshr.o(.text)
    _ll_sshift_r                             0x08000797   Thumb Code     0  llsshr.o(.text)
    _double_round                            0x080007bb   Thumb Code    30  depilogue.o(.text)
    _double_epilogue                         0x080007d9   Thumb Code   156  depilogue.o(.text)
    BusFault_Handler                         0x08000929   Thumb Code     4  stm32f10x_it.o(i.BusFault_Handler)
    CheckRange                               0x0800092d   Thumb Code    18  wit_c_sdk.o(i.CheckRange)
    CopeCmdData                              0x08000ae5   Thumb Code   118  main.o(i.CopeCmdData)
    CopeWitData                              0x08000b69   Thumb Code   226  wit_c_sdk.o(i.CopeWitData)
    DebugMon_Handler                         0x08000c59   Thumb Code     2  stm32f10x_it.o(i.DebugMon_Handler)
    GPIO_Init                                0x08000c67   Thumb Code   278  stm32f10x_gpio.o(i.GPIO_Init)
    GPIO_SetBits                             0x08000d7d   Thumb Code     4  stm32f10x_gpio.o(i.GPIO_SetBits)
    HardFault_Handler                        0x08000d81   Thumb Code     4  stm32f10x_it.o(i.HardFault_Handler)
    MemManage_Handler                        0x08000d85   Thumb Code     4  stm32f10x_it.o(i.MemManage_Handler)
    NMI_Handler                              0x08000d89   Thumb Code     2  stm32f10x_it.o(i.NMI_Handler)
    NVIC_Init                                0x08000d8d   Thumb Code   100  misc.o(i.NVIC_Init)
    PendSV_Handler                           0x08000dfd   Thumb Code     2  stm32f10x_it.o(i.PendSV_Handler)
    RCC_APB1PeriphClockCmd                   0x08000e01   Thumb Code    26  stm32f10x_rcc.o(i.RCC_APB1PeriphClockCmd)
    RCC_APB2PeriphClockCmd                   0x08000e21   Thumb Code    26  stm32f10x_rcc.o(i.RCC_APB2PeriphClockCmd)
    RCC_GetClocksFreq                        0x08000e41   Thumb Code   192  stm32f10x_rcc.o(i.RCC_GetClocksFreq)
    SVC_Handler                              0x08000f15   Thumb Code     2  stm32f10x_it.o(i.SVC_Handler)
    SysTick_CLKSourceConfig                  0x0800129d   Thumb Code    40  misc.o(i.SysTick_CLKSourceConfig)
    SysTick_Init                             0x080012c5   Thumb Code    50  delay.o(i.SysTick_Init)
    SystemInit                               0x08001309   Thumb Code    78  system_stm32f10x.o(i.SystemInit)
    USART1_IRQHandler                        0x08001369   Thumb Code    50  uart1.o(i.USART1_IRQHandler)
    USART2_IRQHandler                        0x080013a5   Thumb Code    40  uart2.o(i.USART2_IRQHandler)
    USART_ClearFlag                          0x080013d1   Thumb Code    18  stm32f10x_usart.o(i.USART_ClearFlag)
    USART_ClearITPendingBit                  0x080013e3   Thumb Code    30  stm32f10x_usart.o(i.USART_ClearITPendingBit)
    USART_Cmd                                0x08001401   Thumb Code    24  stm32f10x_usart.o(i.USART_Cmd)
    USART_GetFlagStatus                      0x08001419   Thumb Code    26  stm32f10x_usart.o(i.USART_GetFlagStatus)
    USART_GetITStatus                        0x08001433   Thumb Code    84  stm32f10x_usart.o(i.USART_GetITStatus)
    USART_ITConfig                           0x08001487   Thumb Code    74  stm32f10x_usart.o(i.USART_ITConfig)
    USART_Init                               0x080014d1   Thumb Code   210  stm32f10x_usart.o(i.USART_Init)
    USART_ReceiveData                        0x080015a9   Thumb Code    10  stm32f10x_usart.o(i.USART_ReceiveData)
    USART_SendData                           0x080015b3   Thumb Code     8  stm32f10x_usart.o(i.USART_SendData)
    Uart2Send                                0x080015bd   Thumb Code    56  uart2.o(i.Uart2Send)
    UsageFault_Handler                       0x080015f9   Thumb Code     4  stm32f10x_it.o(i.UsageFault_Handler)
    Usart1Init                               0x080015fd   Thumb Code   202  uart1.o(i.Usart1Init)
    Usart2Init                               0x080016d1   Thumb Code   190  uart2.o(i.Usart2Init)
    WitDelayMsRegister                       0x08001799   Thumb Code    18  wit_c_sdk.o(i.WitDelayMsRegister)
    WitInit                                  0x080017b1   Thumb Code    30  wit_c_sdk.o(i.WitInit)
    WitReadReg                               0x080017dd   Thumb Code   424  wit_c_sdk.o(i.WitReadReg)
    WitRegisterCallBack                      0x080019a9   Thumb Code    18  wit_c_sdk.o(i.WitRegisterCallBack)
    WitSerialDataIn                          0x080019c1   Thumb Code   474  wit_c_sdk.o(i.WitSerialDataIn)
    WitSerialWriteRegister                   0x08001bc1   Thumb Code    18  wit_c_sdk.o(i.WitSerialWriteRegister)
    WitSetBandwidth                          0x08001bd9   Thumb Code    92  wit_c_sdk.o(i.WitSetBandwidth)
    WitSetContent                            0x08001c3d   Thumb Code    94  wit_c_sdk.o(i.WitSetContent)
    WitSetOutputRate                         0x08001ca5   Thumb Code    92  wit_c_sdk.o(i.WitSetOutputRate)
    WitSetUartBaud                           0x08001d09   Thumb Code    92  wit_c_sdk.o(i.WitSetUartBaud)
    WitStartAccCali                          0x08001d6d   Thumb Code    72  wit_c_sdk.o(i.WitStartAccCali)
    WitStartMagCali                          0x08001dbd   Thumb Code    72  wit_c_sdk.o(i.WitStartMagCali)
    WitStopMagCali                           0x08001e0d   Thumb Code    72  wit_c_sdk.o(i.WitStopMagCali)
    WitWriteReg                              0x08001e5d   Thumb Code   296  wit_c_sdk.o(i.WitWriteReg)
    __0printf                                0x08001f99   Thumb Code    22  printfa.o(i.__0printf)
    __1printf                                0x08001f99   Thumb Code     0  printfa.o(i.__0printf)
    __2printf                                0x08001f99   Thumb Code     0  printfa.o(i.__0printf)
    __c89printf                              0x08001f99   Thumb Code     0  printfa.o(i.__0printf)
    printf                                   0x08001f99   Thumb Code     0  printfa.o(i.__0printf)
    __scatterload_copy                       0x0800200b   Thumb Code    14  handlers.o(i.__scatterload_copy)
    __scatterload_null                       0x08002019   Thumb Code     2  handlers.o(i.__scatterload_null)
    __scatterload_zeroinit                   0x0800201b   Thumb Code    14  handlers.o(i.__scatterload_zeroinit)
    delay_ms                                 0x080028bd   Thumb Code    72  delay.o(i.delay_ms)
    fputc                                    0x08002909   Thumb Code    32  uart1.o(i.fputc)
    main                                     0x0800292d   Thumb Code   500  main.o(i.main)
    c_uiBaud                                 0x08002bb0   Data          40  main.o(.constdata)
    Region$$Table$$Base                      0x08002fdc   Number         0  anon$$obj.o(Region$$Table)
    Region$$Table$$Limit                     0x08002ffc   Number         0  anon$$obj.o(Region$$Table)
    ucRegIndex                               0x20000030   Data           1  wit_c_sdk.o(.data)
    usRegDataBuff                            0x20000032   Data           8  wit_c_sdk.o(.data)
    uiRegDataLen                             0x2000003c   Data           4  wit_c_sdk.o(.data)
    SystemCoreClock                          0x20000048   Data           4  system_stm32f10x.o(.data)
    AHBPrescTable                            0x2000004c   Data          16  system_stm32f10x.o(.data)
    __stdout                                 0x20000070   Data           4  stdout.o(.data)
    sReg                                     0x200001a6   Data         288  wit_c_sdk.o(.bss)
    __initial_sp                             0x200006c8   Data           0  startup_stm32f10x_hd.o(STACK)



==============================================================================

Memory Map of the image

  Image Entry point : 0x08000131

  Load Region LR_IROM1 (Base: 0x08000000, Size: 0x00003070, Max: 0x00010000, ABSOLUTE)

    Execution Region ER_IROM1 (Exec base: 0x08000000, Load base: 0x08000000, Size: 0x00002ffc, Max: 0x00010000, ABSOLUTE)

    Exec Addr    Load Addr    Size         Type   Attr      Idx    E Section Name        Object

    0x08000000   0x08000000   0x00000130   Data   RO         1094    RESET               startup_stm32f10x_hd.o
    0x08000130   0x08000130   0x00000000   Code   RO         1174  * .ARM.Collect$$$$00000000  mc_w.l(entry.o)
    0x08000130   0x08000130   0x00000004   Code   RO         1452    .ARM.Collect$$$$00000001  mc_w.l(entry2.o)
    0x08000134   0x08000134   0x00000004   Code   RO         1455    .ARM.Collect$$$$00000004  mc_w.l(entry5.o)
    0x08000138   0x08000138   0x00000000   Code   RO         1457    .ARM.Collect$$$$00000008  mc_w.l(entry7b.o)
    0x08000138   0x08000138   0x00000000   Code   RO         1459    .ARM.Collect$$$$0000000A  mc_w.l(entry8b.o)
    0x08000138   0x08000138   0x00000008   Code   RO         1460    .ARM.Collect$$$$0000000B  mc_w.l(entry9a.o)
    0x08000140   0x08000140   0x00000000   Code   RO         1462    .ARM.Collect$$$$0000000D  mc_w.l(entry10a.o)
    0x08000140   0x08000140   0x00000000   Code   RO         1464    .ARM.Collect$$$$0000000F  mc_w.l(entry11a.o)
    0x08000140   0x08000140   0x00000004   Code   RO         1453    .ARM.Collect$$$$00002712  mc_w.l(entry2.o)
    0x08000144   0x08000144   0x00000024   Code   RO         1095    .text               startup_stm32f10x_hd.o
    0x08000168   0x08000168   0x00000024   Code   RO         1177    .text               mc_w.l(memcpya.o)
    0x0800018c   0x0800018c   0x00000024   Code   RO         1179    .text               mc_w.l(memseta.o)
    0x080001b0   0x080001b0   0x00000064   Code   RO         1444    .text               mf_w.l(fmul.o)
    0x08000214   0x08000214   0x0000007c   Code   RO         1446    .text               mf_w.l(fdiv.o)
    0x08000290   0x08000290   0x00000012   Code   RO         1448    .text               mf_w.l(fflti.o)
    0x080002a2   0x080002a2   0x00000026   Code   RO         1450    .text               mf_w.l(f2d.o)
    0x080002c8   0x080002c8   0x0000002c   Code   RO         1467    .text               mc_w.l(uidiv.o)
    0x080002f4   0x080002f4   0x00000062   Code   RO         1469    .text               mc_w.l(uldiv.o)
    0x08000356   0x08000356   0x00000000   Code   RO         1471    .text               mc_w.l(iusefp.o)
    0x08000356   0x08000356   0x0000006e   Code   RO         1472    .text               mf_w.l(fepilogue.o)
    0x080003c4   0x080003c4   0x0000014e   Code   RO         1474    .text               mf_w.l(dadd.o)
    0x08000512   0x08000512   0x000000e4   Code   RO         1476    .text               mf_w.l(dmul.o)
    0x080005f6   0x080005f6   0x000000de   Code   RO         1478    .text               mf_w.l(ddiv.o)
    0x080006d4   0x080006d4   0x00000030   Code   RO         1480    .text               mf_w.l(dfixul.o)
    0x08000704   0x08000704   0x00000030   Code   RO         1482    .text               mf_w.l(cdrcmple.o)
    0x08000734   0x08000734   0x00000024   Code   RO         1484    .text               mc_w.l(init.o)
    0x08000758   0x08000758   0x0000001e   Code   RO         1486    .text               mc_w.l(llshl.o)
    0x08000776   0x08000776   0x00000020   Code   RO         1488    .text               mc_w.l(llushr.o)
    0x08000796   0x08000796   0x00000024   Code   RO         1490    .text               mc_w.l(llsshr.o)
    0x080007ba   0x080007ba   0x000000ba   Code   RO         1492    .text               mf_w.l(depilogue.o)
    0x08000874   0x08000874   0x000000b4   Code   RO            4    i.AutoScanSensor    main.o
    0x08000928   0x08000928   0x00000004   Code   RO         1026    i.BusFault_Handler  stm32f10x_it.o
    0x0800092c   0x0800092c   0x00000012   Code   RO          132    i.CheckRange        wit_c_sdk.o
    0x0800093e   0x0800093e   0x00000002   PAD
    0x08000940   0x08000940   0x000001a4   Code   RO            5    i.CmdProcess        main.o
    0x08000ae4   0x08000ae4   0x00000084   Code   RO            6    i.CopeCmdData       main.o
    0x08000b68   0x08000b68   0x000000f0   Code   RO          133    i.CopeWitData       wit_c_sdk.o
    0x08000c58   0x08000c58   0x00000002   Code   RO         1027    i.DebugMon_Handler  stm32f10x_it.o
    0x08000c5a   0x08000c5a   0x0000000c   Code   RO            7    i.Delayms           main.o
    0x08000c66   0x08000c66   0x00000116   Code   RO          502    i.GPIO_Init         stm32f10x_gpio.o
    0x08000d7c   0x08000d7c   0x00000004   Code   RO          510    i.GPIO_SetBits      stm32f10x_gpio.o
    0x08000d80   0x08000d80   0x00000004   Code   RO         1028    i.HardFault_Handler  stm32f10x_it.o
    0x08000d84   0x08000d84   0x00000004   Code   RO         1029    i.MemManage_Handler  stm32f10x_it.o
    0x08000d88   0x08000d88   0x00000002   Code   RO         1030    i.NMI_Handler       stm32f10x_it.o
    0x08000d8a   0x08000d8a   0x00000002   PAD
    0x08000d8c   0x08000d8c   0x00000070   Code   RO          448    i.NVIC_Init         misc.o
    0x08000dfc   0x08000dfc   0x00000002   Code   RO         1031    i.PendSV_Handler    stm32f10x_it.o
    0x08000dfe   0x08000dfe   0x00000002   PAD
    0x08000e00   0x08000e00   0x00000020   Code   RO          624    i.RCC_APB1PeriphClockCmd  stm32f10x_rcc.o
    0x08000e20   0x08000e20   0x00000020   Code   RO          626    i.RCC_APB2PeriphClockCmd  stm32f10x_rcc.o
    0x08000e40   0x08000e40   0x000000d4   Code   RO          634    i.RCC_GetClocksFreq  stm32f10x_rcc.o
    0x08000f14   0x08000f14   0x00000002   Code   RO         1032    i.SVC_Handler       stm32f10x_it.o
    0x08000f16   0x08000f16   0x00000002   PAD
    0x08000f18   0x08000f18   0x00000074   Code   RO            8    i.SensorDataUpdata  main.o
    0x08000f8c   0x08000f8c   0x00000010   Code   RO            9    i.SensorUartSend    main.o
    0x08000f9c   0x08000f9c   0x00000008   Code   RO          402    i.SetSysClock       system_stm32f10x.o
    0x08000fa4   0x08000fa4   0x000000e0   Code   RO          403    i.SetSysClockTo72   system_stm32f10x.o
    0x08001084   0x08001084   0x00000218   Code   RO           10    i.ShowHelp          main.o
    0x0800129c   0x0800129c   0x00000028   Code   RO          452    i.SysTick_CLKSourceConfig  misc.o
    0x080012c4   0x080012c4   0x00000044   Code   RO          370    i.SysTick_Init      delay.o
    0x08001308   0x08001308   0x00000060   Code   RO          405    i.SystemInit        system_stm32f10x.o
    0x08001368   0x08001368   0x0000003c   Code   RO          334    i.USART1_IRQHandler  uart1.o
    0x080013a4   0x080013a4   0x0000002c   Code   RO          298    i.USART2_IRQHandler  uart2.o
    0x080013d0   0x080013d0   0x00000012   Code   RO          834    i.USART_ClearFlag   stm32f10x_usart.o
    0x080013e2   0x080013e2   0x0000001e   Code   RO          835    i.USART_ClearITPendingBit  stm32f10x_usart.o
    0x08001400   0x08001400   0x00000018   Code   RO          838    i.USART_Cmd         stm32f10x_usart.o
    0x08001418   0x08001418   0x0000001a   Code   RO          841    i.USART_GetFlagStatus  stm32f10x_usart.o
    0x08001432   0x08001432   0x00000054   Code   RO          842    i.USART_GetITStatus  stm32f10x_usart.o
    0x08001486   0x08001486   0x0000004a   Code   RO          844    i.USART_ITConfig    stm32f10x_usart.o
    0x080014d0   0x080014d0   0x000000d8   Code   RO          845    i.USART_Init        stm32f10x_usart.o
    0x080015a8   0x080015a8   0x0000000a   Code   RO          852    i.USART_ReceiveData  stm32f10x_usart.o
    0x080015b2   0x080015b2   0x00000008   Code   RO          855    i.USART_SendData    stm32f10x_usart.o
    0x080015ba   0x080015ba   0x00000002   PAD
    0x080015bc   0x080015bc   0x0000003c   Code   RO          299    i.Uart2Send         uart2.o
    0x080015f8   0x080015f8   0x00000004   Code   RO         1033    i.UsageFault_Handler  stm32f10x_it.o
    0x080015fc   0x080015fc   0x000000d4   Code   RO          335    i.Usart1Init        uart1.o
    0x080016d0   0x080016d0   0x000000c8   Code   RO          300    i.Usart2Init        uart2.o
    0x08001798   0x08001798   0x00000018   Code   RO          137    i.WitDelayMsRegister  wit_c_sdk.o
    0x080017b0   0x080017b0   0x0000002c   Code   RO          139    i.WitInit           wit_c_sdk.o
    0x080017dc   0x080017dc   0x000001cc   Code   RO          140    i.WitReadReg        wit_c_sdk.o
    0x080019a8   0x080019a8   0x00000018   Code   RO          141    i.WitRegisterCallBack  wit_c_sdk.o
    0x080019c0   0x080019c0   0x00000200   Code   RO          142    i.WitSerialDataIn   wit_c_sdk.o
    0x08001bc0   0x08001bc0   0x00000018   Code   RO          143    i.WitSerialWriteRegister  wit_c_sdk.o
    0x08001bd8   0x08001bd8   0x00000064   Code   RO          144    i.WitSetBandwidth   wit_c_sdk.o
    0x08001c3c   0x08001c3c   0x00000068   Code   RO          146    i.WitSetContent     wit_c_sdk.o
    0x08001ca4   0x08001ca4   0x00000064   Code   RO          147    i.WitSetOutputRate  wit_c_sdk.o
    0x08001d08   0x08001d08   0x00000064   Code   RO          148    i.WitSetUartBaud    wit_c_sdk.o
    0x08001d6c   0x08001d6c   0x00000050   Code   RO          149    i.WitStartAccCali   wit_c_sdk.o
    0x08001dbc   0x08001dbc   0x00000050   Code   RO          150    i.WitStartMagCali   wit_c_sdk.o
    0x08001e0c   0x08001e0c   0x00000050   Code   RO          152    i.WitStopMagCali    wit_c_sdk.o
    0x08001e5c   0x08001e5c   0x0000013c   Code   RO          153    i.WitWriteReg       wit_c_sdk.o
    0x08001f98   0x08001f98   0x00000020   Code   RO         1416    i.__0printf         mc_w.l(printfa.o)
    0x08001fb8   0x08001fb8   0x00000038   Code   RO          154    i.__CRC16           wit_c_sdk.o
    0x08001ff0   0x08001ff0   0x0000001a   Code   RO          155    i.__CaliSum         wit_c_sdk.o
    0x0800200a   0x0800200a   0x0000000e   Code   RO         1496    i.__scatterload_copy  mc_w.l(handlers.o)
    0x08002018   0x08002018   0x00000002   Code   RO         1497    i.__scatterload_null  mc_w.l(handlers.o)
    0x0800201a   0x0800201a   0x0000000e   Code   RO         1498    i.__scatterload_zeroinit  mc_w.l(handlers.o)
    0x08002028   0x08002028   0x00000164   Code   RO         1423    i._fp_digits        mc_w.l(printfa.o)
    0x0800218c   0x0800218c   0x000006dc   Code   RO         1424    i._printf_core      mc_w.l(printfa.o)
    0x08002868   0x08002868   0x00000024   Code   RO         1425    i._printf_post_padding  mc_w.l(printfa.o)
    0x0800288c   0x0800288c   0x0000002e   Code   RO         1426    i._printf_pre_padding  mc_w.l(printfa.o)
    0x080028ba   0x080028ba   0x00000002   PAD
    0x080028bc   0x080028bc   0x0000004c   Code   RO          371    i.delay_ms          delay.o
    0x08002908   0x08002908   0x00000024   Code   RO          336    i.fputc             uart1.o
    0x0800292c   0x0800292c   0x00000284   Code   RO           11    i.main              main.o
    0x08002bb0   0x08002bb0   0x00000028   Data   RO           13    .constdata          main.o
    0x08002bd8   0x08002bd8   0x00000200   Data   RO          157    .constdata          wit_c_sdk.o
    0x08002dd8   0x08002dd8   0x00000202   Data   RO           14    .conststring        main.o
    0x08002fda   0x08002fda   0x00000002   PAD
    0x08002fdc   0x08002fdc   0x00000020   Data   RO         1494    Region$$Table       anon$$obj.o


    Execution Region RW_IRAM1 (Exec base: 0x20000000, Load base: 0x08002ffc, Size: 0x000006c8, Max: 0x00005000, ABSOLUTE)

    Exec Addr    Load Addr    Size         Type   Attr      Idx    E Section Name        Object

    0x20000000   0x08002ffc   0x00000006   Data   RW           15    .data               main.o
    0x20000006   0x08003002   0x00000002   PAD
    0x20000008   0x08003004   0x00000038   Data   RW          158    .data               wit_c_sdk.o
    0x20000040   0x0800303c   0x00000008   Data   RW          372    .data               delay.o
    0x20000048   0x08003044   0x00000014   Data   RW          406    .data               system_stm32f10x.o
    0x2000005c   0x08003058   0x00000014   Data   RW          654    .data               stm32f10x_rcc.o
    0x20000070   0x0800306c   0x00000004   Data   RW         1466    .data               mc_w.l(stdout.o)
    0x20000074        -       0x00000032   Zero   RW           12    .bss                main.o
    0x200000a6        -       0x00000220   Zero   RW          156    .bss                wit_c_sdk.o
    0x200002c6   0x08003070   0x00000002   PAD
    0x200002c8        -       0x00000400   Zero   RW         1092    STACK               startup_stm32f10x_hd.o


==============================================================================

Image component sizes


      Code (inc. data)   RO Data    RW Data    ZI Data      Debug   Object Name

       144         22          0          8          0       1886   delay.o
      2056        852        554          6         50     239696   main.o
       152         12          0          0          0       1830   misc.o
        36          8        304          0       1024        912   startup_stm32f10x_hd.o
       282          0          0          0          0       2771   stm32f10x_gpio.o
        24          0          0          0          0       4408   stm32f10x_it.o
       276         32          0         20          0       4914   stm32f10x_rcc.o
       490          6          0          0          0       8241   stm32f10x_usart.o
       328         28          0         20          0       2769   system_stm32f10x.o
       308         24          0          0          0       2045   uart1.o
       304         18          0          0          0       2117   uart2.o
      2388        222        512         56        544      17282   wit_c_sdk.o

    ----------------------------------------------------------------------
      6798       1224       1404        112       1620     288871   Object Totals
         0          0         32          0          0          0   (incl. Generated)
        10          0          2          2          2          0   (incl. Padding)

    ----------------------------------------------------------------------

      Code (inc. data)   RO Data    RW Data    ZI Data      Debug   Library Member Name

         0          0          0          0          0          0   entry.o
         0          0          0          0          0          0   entry10a.o
         0          0          0          0          0          0   entry11a.o
         8          4          0          0          0          0   entry2.o
         4          0          0          0          0          0   entry5.o
         0          0          0          0          0          0   entry7b.o
         0          0          0          0          0          0   entry8b.o
         8          4          0          0          0          0   entry9a.o
        30          0          0          0          0          0   handlers.o
        36          8          0          0          0         68   init.o
         0          0          0          0          0          0   iusefp.o
        30          0          0          0          0         68   llshl.o
        36          0          0          0          0         68   llsshr.o
        32          0          0          0          0         68   llushr.o
        36          0          0          0          0         68   memcpya.o
        36          0          0          0          0        108   memseta.o
      2226         90          0          0          0        444   printfa.o
         0          0          0          4          0          0   stdout.o
        44          0          0          0          0         80   uidiv.o
        98          0          0          0          0         92   uldiv.o
        48          0          0          0          0         68   cdrcmple.o
       334          0          0          0          0        148   dadd.o
       222          0          0          0          0        100   ddiv.o
       186          0          0          0          0        176   depilogue.o
        48          0          0          0          0         68   dfixul.o
       228          0          0          0          0         96   dmul.o
        38          0          0          0          0         68   f2d.o
       124          0          0          0          0         88   fdiv.o
       110          0          0          0          0        168   fepilogue.o
        18          0          0          0          0         68   fflti.o
       100          0          0          0          0         76   fmul.o

    ----------------------------------------------------------------------
      4082        106          0          4          0       2188   Library Totals
         2          0          0          0          0          0   (incl. Padding)

    ----------------------------------------------------------------------

      Code (inc. data)   RO Data    RW Data    ZI Data      Debug   Library Name

      2624        106          0          4          0       1064   mc_w.l
      1456          0          0          0          0       1124   mf_w.l

    ----------------------------------------------------------------------
      4082        106          0          4          0       2188   Library Totals

    ----------------------------------------------------------------------

==============================================================================


      Code (inc. data)   RO Data    RW Data    ZI Data      Debug   

     10880       1330       1404        116       1620     287103   Grand Totals
     10880       1330       1404        116       1620     287103   ELF Image Totals
     10880       1330       1404        116          0          0   ROM Totals

==============================================================================

    Total RO  Size (Code + RO Data)                12284 (  12.00kB)
    Total RW  Size (RW Data + ZI Data)              1736 (   1.70kB)
    Total ROM Size (Code + RO Data + RW Data)      12400 (  12.11kB)

==============================================================================

